[32m[Nest] 9604  - [39m17/06/2026, 09:28:28 [32m    LOG[39m [38;5;3m[NestFactory] [39m[32mStarting Nest application...[39m
[32m[Nest] 9604  - [39m17/06/2026, 09:28:28 [32m    LOG[39m [38;5;3m[InstanceLoader] [39m[32mAppModule dependencies initialized[39m[38;5;3m +25ms[39m
[32m[Nest] 9604  - [39m17/06/2026, 09:28:28 [32m    LOG[39m [38;5;3m[InstanceLoader] [39m[32mPrismaModule dependencies initialized[39m[38;5;3m +7ms[39m
[32m[Nest] 9604  - [39m17/06/2026, 09:28:28 [32m    LOG[39m [38;5;3m[InstanceLoader] [39m[32mPassportModule dependencies initialized[39m[38;5;3m +0ms[39m
[32m[Nest] 9604  - [39m17/06/2026, 09:28:28 [32m    LOG[39m [38;5;3m[InstanceLoader] [39m[32mWebsocketModule dependencies initialized[39m[38;5;3m +0ms[39m
[32m[Nest] 9604  - [39m17/06/2026, 09:28:28 [32m    LOG[39m [38;5;3m[InstanceLoader] [39m[32mMulterModule dependencies initialized[39m[38;5;3m +2ms[39m
[32m[Nest] 9604  - [39m17/06/2026, 09:28:28 [32m    LOG[39m [38;5;3m[InstanceLoader] [39m[32mMulterModule dependencies initialized[39m[38;5;3m +0ms[39m
[32m[Nest] 9604  - [39m17/06/2026, 09:28:28 [32m    LOG[39m [38;5;3m[InstanceLoader] [39m[32mThrottlerModule dependencies initialized[39m[38;5;3m +8ms[39m
[32m[Nest] 9604  - [39m17/06/2026, 09:28:28 [32m    LOG[39m [38;5;3m[InstanceLoader] [39m[32mJwtModule dependencies initialized[39m[38;5;3m +0ms[39m
[32m[Nest] 9604  - [39m17/06/2026, 09:28:28 [32m    LOG[39m [38;5;3m[InstanceLoader] [39m[32mJwtModule dependencies initialized[39m[38;5;3m +1ms[39m
[32m[Nest] 9604  - [39m17/06/2026, 09:28:28 [32m    LOG[39m [38;5;3m[InstanceLoader] [39m[32mConfigHostModule dependencies initialized[39m[38;5;3m +1ms[39m
[32m[Nest] 9604  - [39m17/06/2026, 09:28:28 [32m    LOG[39m [38;5;3m[InstanceLoader] [39m[32mDiscoveryModule dependencies initialized[39m[38;5;3m +1ms[39m
[32m[Nest] 9604  - [39m17/06/2026, 09:28:28 [32m    LOG[39m [38;5;3m[InstanceLoader] [39m[32mConfigModule dependencies initialized[39m[38;5;3m +1ms[39m
[32m[Nest] 9604  - [39m17/06/2026, 09:28:28 [32m    LOG[39m [38;5;3m[InstanceLoader] [39m[32mScheduleModule dependencies initialized[39m[38;5;3m +1ms[39m
[32m[Nest] 9604  - [39m17/06/2026, 09:28:28 [32m    LOG[39m [38;5;3m[InstanceLoader] [39m[32mPermissionsModule dependencies initialized[39m[38;5;3m +2ms[39m
[32m[Nest] 9604  - [39m17/06/2026, 09:28:28 [32m    LOG[39m [38;5;3m[InstanceLoader] [39m[32mOrganizationsModule dependencies initialized[39m[38;5;3m +0ms[39m
[32m[Nest] 9604  - [39m17/06/2026, 09:28:28 [32m    LOG[39m [38;5;3m[InstanceLoader] [39m[32mModulesModule dependencies initialized[39m[38;5;3m +1ms[39m
[32m[Nest] 9604  - [39m17/06/2026, 09:28:28 [32m    LOG[39m [38;5;3m[InstanceLoader] [39m[32mFieldsModule dependencies initialized[39m[38;5;3m +0ms[39m
[32m[Nest] 9604  - [39m17/06/2026, 09:28:28 [32m    LOG[39m [38;5;3m[InstanceLoader] [39m[32mRelationshipsModule dependencies initialized[39m[38;5;3m +0ms[39m
[32m[Nest] 9604  - [39m17/06/2026, 09:28:28 [32m    LOG[39m [38;5;3m[InstanceLoader] [39m[32mAuditModule dependencies initialized[39m[38;5;3m +0ms[39m
[32m[Nest] 9604  - [39m17/06/2026, 09:28:28 [32m    LOG[39m [38;5;3m[InstanceLoader] [39m[32mViewsModule dependencies initialized[39m[38;5;3m +0ms[39m
[32m[Nest] 9604  - [39m17/06/2026, 09:28:28 [32m    LOG[39m [38;5;3m[InstanceLoader] [39m[32mGlobalListsModule dependencies initialized[39m[38;5;3m +0ms[39m
[32m[Nest] 9604  - [39m17/06/2026, 09:28:28 [32m    LOG[39m [38;5;3m[InstanceLoader] [39m[32mUserPreferencesModule dependencies initialized[39m[38;5;3m +0ms[39m
[32m[Nest] 9604  - [39m17/06/2026, 09:28:28 [32m    LOG[39m [38;5;3m[InstanceLoader] [39m[32mDepartmentsModule dependencies initialized[39m[38;5;3m +0ms[39m
[32m[Nest] 9604  - [39m17/06/2026, 09:28:28 [32m    LOG[39m [38;5;3m[InstanceLoader] [39m[32mReportsModule dependencies initialized[39m[38;5;3m +1ms[39m
[32m[Nest] 9604  - [39m17/06/2026, 09:28:28 [32m    LOG[39m [38;5;3m[InstanceLoader] [39m[32mFilesModule dependencies initialized[39m[38;5;3m +0ms[39m
[32m[Nest] 9604  - [39m17/06/2026, 09:28:28 [32m    LOG[39m [38;5;3m[InstanceLoader] [39m[32mTaskPanelsModule dependencies initialized[39m[38;5;3m +0ms[39m
[32m[Nest] 9604  - [39m17/06/2026, 09:28:28 [32m    LOG[39m [38;5;3m[InstanceLoader] [39m[32mTrackerModule dependencies initialized[39m[38;5;3m +0ms[39m
[32m[Nest] 9604  - [39m17/06/2026, 09:28:28 [32m    LOG[39m [38;5;3m[InstanceLoader] [39m[32mNotificationsModule dependencies initialized[39m[38;5;3m +0ms[39m
[32m[Nest] 9604  - [39m17/06/2026, 09:28:28 [32m    LOG[39m [38;5;3m[InstanceLoader] [39m[32mMessagesModule dependencies initialized[39m[38;5;3m +1ms[39m
[32m[Nest] 9604  - [39m17/06/2026, 09:28:28 [32m    LOG[39m [38;5;3m[InstanceLoader] [39m[32mWorkflowsModule dependencies initialized[39m[38;5;3m +0ms[39m
[32m[Nest] 9604  - [39m17/06/2026, 09:28:28 [32m    LOG[39m [38;5;3m[InstanceLoader] [39m[32mDashboardsModule dependencies initialized[39m[38;5;3m +0ms[39m
[32m[Nest] 9604  - [39m17/06/2026, 09:28:28 [32m    LOG[39m [38;5;3m[InstanceLoader] [39m[32mAnalyticsModule dependencies initialized[39m[38;5;3m +0ms[39m
[32m[Nest] 9604  - [39m17/06/2026, 09:28:28 [32m    LOG[39m [38;5;3m[InstanceLoader] [39m[32mUsersModule dependencies initialized[39m[38;5;3m +1ms[39m
[32m[Nest] 9604  - [39m17/06/2026, 09:28:28 [32m    LOG[39m [38;5;3m[InstanceLoader] [39m[32mWorkspaceModule dependencies initialized[39m[38;5;3m +0ms[39m
[32m[Nest] 9604  - [39m17/06/2026, 09:28:28 [32m    LOG[39m [38;5;3m[InstanceLoader] [39m[32mFormsModule dependencies initialized[39m[38;5;3m +0ms[39m
[32m[Nest] 9604  - [39m17/06/2026, 09:28:28 [32m    LOG[39m [38;5;3m[InstanceLoader] [39m[32mProcessModule dependencies initialized[39m[38;5;3m +0ms[39m
[32m[Nest] 9604  - [39m17/06/2026, 09:28:28 [32m    LOG[39m [38;5;3m[InstanceLoader] [39m[32mBlueprintsModule dependencies initialized[39m[38;5;3m +0ms[39m
[32m[Nest] 9604  - [39m17/06/2026, 09:28:28 [32m    LOG[39m [38;5;3m[InstanceLoader] [39m[32mAuthModule dependencies initialized[39m[38;5;3m +0ms[39m
[32m[Nest] 9604  - [39m17/06/2026, 09:28:28 [32m    LOG[39m [38;5;3m[InstanceLoader] [39m[32mPortalModule dependencies initialized[39m[38;5;3m +0ms[39m
[32m[Nest] 9604  - [39m17/06/2026, 09:28:28 [32m    LOG[39m [38;5;3m[InstanceLoader] [39m[32mRecordsModule dependencies initialized[39m[38;5;3m +1ms[39m
[32m[Nest] 9604  - [39m17/06/2026, 09:28:28 [32m    LOG[39m [38;5;3m[WebSocketsController] [39m[32mAppGateway subscribed to the "join-org" message[39m[38;5;3m +64ms[39m
[32m[Nest] 9604  - [39m17/06/2026, 09:28:28 [32m    LOG[39m [38;5;3m[WebSocketsController] [39m[32mAppGateway subscribed to the "join-module" message[39m[38;5;3m +2ms[39m
[32m[Nest] 9604  - [39m17/06/2026, 09:28:28 [32m    LOG[39m [38;5;3m[WebSocketsController] [39m[32mAppGateway subscribed to the "join-user" message[39m[38;5;3m +0ms[39m
[32m[Nest] 9604  - [39m17/06/2026, 09:28:28 [32m    LOG[39m [38;5;3m[WebSocketsController] [39m[32mAppGateway subscribed to the "chat:join" message[39m[38;5;3m +1ms[39m
[32m[Nest] 9604  - [39m17/06/2026, 09:28:28 [32m    LOG[39m [38;5;3m[WebSocketsController] [39m[32mAppGateway subscribed to the "chat:typing" message[39m[38;5;3m +0ms[39m
[32m[Nest] 9604  - [39m17/06/2026, 09:28:28 [32m    LOG[39m [38;5;3m[WebSocketsController] [39m[32mAppGateway subscribed to the "chat:read" message[39m[38;5;3m +0ms[39m
[32m[Nest] 9604  - [39m17/06/2026, 09:28:28 [32m    LOG[39m [38;5;3m[RoutesResolver] [39m[32mAuthController {/api/v1/auth}:[39m[38;5;3m +1ms[39m
[32m[Nest] 9604  - [39m17/06/2026, 09:28:28 [32m    LOG[39m [38;5;3m[RouterExplorer] [39m[32mMapped {/api/v1/auth/register, POST} route[39m[38;5;3m +2ms[39m
[32m[Nest] 9604  - [39m17/06/2026, 09:28:28 [32m    LOG[39m [38;5;3m[RouterExplorer] [39m[32mMapped {/api/v1/auth/check-email, POST} route[39m[38;5;3m +0ms[39m
[32m[Nest] 9604  - [39m17/06/2026, 09:28:28 [32m    LOG[39m [38;5;3m[RouterExplorer] [39m[32mMapped {/api/v1/auth/login, POST} route[39m[38;5;3m +0ms[39m
[32m[Nest] 9604  - [39m17/06/2026, 09:28:28 [32m    LOG[39m [38;5;3m[RouterExplorer] [39m[32mMapped {/api/v1/auth/refresh, POST} route[39m[38;5;3m +1ms[39m
[32m[Nest] 9604  - [39m17/06/2026, 09:28:28 [32m    LOG[39m [38;5;3m[RouterExplorer] [39m[32mMapped {/api/v1/auth/logout, POST} route[39m[38;5;3m +0ms[39m
[32m[Nest] 9604  - [39m17/06/2026, 09:28:28 [32m    LOG[39m [38;5;3m[RouterExplorer] [39m[32mMapped {/api/v1/auth/change-password, POST} route[39m[38;5;3m +1ms[39m
[32m[Nest] 9604  - [39m17/06/2026, 09:28:28 [32m    LOG[39m [38;5;3m[RouterExplorer] [39m[32mMapped {/api/v1/auth/me, POST} route[39m[38;5;3m +0ms[39m
[32m[Nest] 9604  - [39m17/06/2026, 09:28:28 [32m    LOG[39m [38;5;3m[RoutesResolver] [39m[32mUsersController {/api/v1/users}:[39m[38;5;3m +0ms[39m
[32m[Nest] 9604  - [39m17/06/2026, 09:28:28 [32m    LOG[39m [38;5;3m[RouterExplorer] [39m[32mMapped {/api/v1/users, GET} route[39m[38;5;3m +1ms[39m
[32m[Nest] 9604  - [39m17/06/2026, 09:28:28 [32m    LOG[39m [38;5;3m[RouterExplorer] [39m[32mMapped {/api/v1/users, POST} route[39m[38;5;3m +0ms[39m
[32m[Nest] 9604  - [39m17/06/2026, 09:28:28 [32m    LOG[39m [38;5;3m[RouterExplorer] [39m[32mMapped {/api/v1/users/me/permissions, GET} route[39m[38;5;3m +0ms[39m
[32m[Nest] 9604  - [39m17/06/2026, 09:28:28 [32m    LOG[39m [38;5;3m[RouterExplorer] [39m[32mMapped {/api/v1/users/me/profile, GET} route[39m[38;5;3m +1ms[39m
[32m[Nest] 9604  - [39m17/06/2026, 09:28:28 [32m    LOG[39m [38;5;3m[RouterExplorer] [39m[32mMapped {/api/v1/users/me, PATCH} route[39m[38;5;3m +0ms[39m
[32m[Nest] 9604  - [39m17/06/2026, 09:28:28 [32m    LOG[39m [38;5;3m[RouterExplorer] [39m[32mMapped {/api/v1/users/me/activity, DELETE} route[39m[38;5;3m +0ms[39m
[32m[Nest] 9604  - [39m17/06/2026, 09:28:28 [32m    LOG[39m [38;5;3m[RouterExplorer] [39m[32mMapped {/api/v1/users/:id, GET} route[39m[38;5;3m +1ms[39m
[32m[Nest] 9604  - [39m17/06/2026, 09:28:28 [32m    LOG[39m [38;5;3m[RouterExplorer] [39m[32mMapped {/api/v1/users/:id, PATCH} route[39m[38;5;3m +0ms[39m
[32m[Nest] 9604  - [39m17/06/2026, 09:28:28 [32m    LOG[39m [38;5;3m[RouterExplorer] [39m[32mMapped {/api/v1/users/:id, DELETE} route[39m[38;5;3m +0ms[39m
[32m[Nest] 9604  - [39m17/06/2026, 09:28:28 [32m    LOG[39m [38;5;3m[RouterExplorer] [39m[32mMapped {/api/v1/users/:id/permanent, DELETE} route[39m[38;5;3m +0ms[39m
[32m[Nest] 9604  - [39m17/06/2026, 09:28:28 [32m    LOG[39m [38;5;3m[RouterExplorer] [39m[32mMapped {/api/v1/users/:id/reactivate, PATCH} route[39m[38;5;3m +1ms[39m
[32m[Nest] 9604  - [39m17/06/2026, 09:28:28 [32m    LOG[39m [38;5;3m[RouterExplorer] [39m[32mMapped {/api/v1/users/:id/suspend, PATCH} route[39m[38;5;3m +0ms[39m
[32m[Nest] 9604  - [39m17/06/2026, 09:28:28 [32m    LOG[39m [38;5;3m[RouterExplorer] [39m[32mMapped {/api/v1/users/:id/unsuspend, PATCH} route[39m[38;5;3m +0ms[39m
[32m[Nest] 9604  - [39m17/06/2026, 09:28:28 [32m    LOG[39m [38;5;3m[RouterExplorer] [39m[32mMapped {/api/v1/users/:id/lock, PATCH} route[39m[38;5;3m +0ms[39m
[32m[Nest] 9604  - [39m17/06/2026, 09:28:28 [32m    LOG[39m [38;5;3m[RouterExplorer] [39m[32mMapped {/api/v1/users/:id/unlock, PATCH} route[39m[38;5;3m +1ms[39m
[32m[Nest] 9604  - [39m17/06/2026, 09:28:28 [32m    LOG[39m [38;5;3m[RouterExplorer] [39m[32mMapped {/api/v1/users/:id/reset-password, POST} route[39m[38;5;3m +0ms[39m
[32m[Nest] 9604  - [39m17/06/2026, 09:28:28 [32m    LOG[39m [38;5;3m[RouterExplorer] [39m[32mMapped {/api/v1/users/:id/force-password-reset, PATCH} route[39m[38;5;3m +0ms[39m
[32m[Nest] 9604  - [39m17/06/2026, 09:28:28 [32m    LOG[39m [38;5;3m[RouterExplorer] [39m[32mMapped {/api/v1/users/:id/permissions, GET} route[39m[38;5;3m +0ms[39m
[32m[Nest] 9604  - [39m17/06/2026, 09:28:28 [32m    LOG[39m [38;5;3m[RouterExplorer] [39m[32mMapped {/api/v1/users/:id/permission-overrides, GET} route[39m[38;5;3m +1ms[39m
[32m[Nest] 9604  - [39m17/06/2026, 09:28:28 [32m    LOG[39m [38;5;3m[RouterExplorer] [39m[32mMapped {/api/v1/users/:id/permission-overrides, POST} route[39m[38;5;3m +0ms[39m
[32m[Nest] 9604  - [39m17/06/2026, 09:28:28 [32m    LOG[39m [38;5;3m[RouterExplorer] [39m[32mMapped {/api/v1/users/permission-overrides/:overrideId, DELETE} route[39m[38;5;3m +0ms[39m
[32m[Nest] 9604  - [39m17/06/2026, 09:28:28 [32m    LOG[39m [38;5;3m[RoutesResolver] [39m[32mPermissionsController {/api/v1/permissions}:[39m[38;5;3m +0ms[39m
[32m[Nest] 9604  - [39m17/06/2026, 09:28:28 [32m    LOG[39m [38;5;3m[RouterExplorer] [39m[32mMapped {/api/v1/permissions, POST} route[39m[38;5;3m +1ms[39m
[32m[Nest] 9604  - [39m17/06/2026, 09:28:28 [32m    LOG[39m [38;5;3m[RouterExplorer] [39m[32mMapped {/api/v1/permissions, GET} route[39m[38;5;3m +0ms[39m
[32m[Nest] 9604  - [39m17/06/2026, 09:28:28 [32m    LOG[39m [38;5;3m[RouterExplorer] [39m[32mMapped {/api/v1/permissions/matrix, GET} route[39m[38;5;3m +0ms[39m
[32m[Nest] 9604  - [39m17/06/2026, 09:28:28 [32m    LOG[39m [38;5;3m[RouterExplorer] [39m[32mMapped {/api/v1/permissions/bulk, POST} route[39m[38;5;3m +0ms[39m
[32m[Nest] 9604  - [39m17/06/2026, 09:28:28 [32m    LOG[39m [38;5;3m[RouterExplorer] [39m[32mMapped {/api/v1/permissions/seed/:moduleId, POST} route[39m[38;5;3m +0ms[39m
[32m[Nest] 9604  - [39m17/06/2026, 09:28:28 [32m    LOG[39m [38;5;3m[RoutesResolver] [39m[32mOrganizationsController {/api/v1/organizations}:[39m[38;5;3m +1ms[39m
[32m[Nest] 9604  - [39m17/06/2026, 09:28:28 [32m    LOG[39m [38;5;3m[RouterExplorer] [39m[32mMapped {/api/v1/organizations, GET} route[39m[38;5;3m +0ms[39m
[32m[Nest] 9604  - [39m17/06/2026, 09:28:28 [32m    LOG[39m [38;5;3m[RouterExplorer] [39m[32mMapped {/api/v1/organizations, POST} route[39m[38;5;3m +0ms[39m
[32m[Nest] 9604  - [39m17/06/2026, 09:28:28 [32m    LOG[39m [38;5;3m[RouterExplorer] [39m[32mMapped {/api/v1/organizations/me, GET} route[39m[38;5;3m +0ms[39m
[32m[Nest] 9604  - [39m17/06/2026, 09:28:28 [32m    LOG[39m [38;5;3m[RouterExplorer] [39m[32mMapped {/api/v1/organizations/me/stats, GET} route[39m[38;5;3m +1ms[39m
[32m[Nest] 9604  - [39m17/06/2026, 09:28:28 [32m    LOG[39m [38;5;3m[RouterExplorer] [39m[32mMapped {/api/v1/organizations/me, PATCH} route[39m[38;5;3m +0ms[39m
[32m[Nest] 9604  - [39m17/06/2026, 09:28:28 [32m    LOG[39m [38;5;3m[RouterExplorer] [39m[32mMapped {/api/v1/organizations/:id, GET} route[39m[38;5;3m +0ms[39m
[32m[Nest] 9604  - [39m17/06/2026, 09:28:28 [32m    LOG[39m [38;5;3m[RouterExplorer] [39m[32mMapped {/api/v1/organizations/:id/stats, GET} route[39m[38;5;3m +0ms[39m
[32m[Nest] 9604  - [39m17/06/2026, 09:28:28 [32m    LOG[39m [38;5;3m[RouterExplorer] [39m[32mMapped {/api/v1/organizations/:id, PATCH} route[39m[38;5;3m +1ms[39m
[32m[Nest] 9604  - [39m17/06/2026, 09:28:28 [32m    LOG[39m [38;5;3m[RouterExplorer] [39m[32mMapped {/api/v1/organizations/:id/suspend, PATCH} route[39m[38;5;3m +0ms[39m
[32m[Nest] 9604  - [39m17/06/2026, 09:28:28 [32m    LOG[39m [38;5;3m[RouterExplorer] [39m[32mMapped {/api/v1/organizations/:id/activate, PATCH} route[39m[38;5;3m +0ms[39m
[32m[Nest] 9604  - [39m17/06/2026, 09:28:28 [32m    LOG[39m [38;5;3m[RouterExplorer] [39m[32mMapped {/api/v1/organizations/:id, DELETE} route[39m[38;5;3m +0ms[39m
[32m[Nest] 9604  - [39m17/06/2026, 09:28:28 [32m    LOG[39m [38;5;3m[RouterExplorer] [39m[32mMapped {/api/v1/organizations/:id/permanent, DELETE} route[39m[38;5;3m +0ms[39m
[32m[Nest] 9604  - [39m17/06/2026, 09:28:28 [32m    LOG[39m [38;5;3m[RoutesResolver] [39m[32mModulesController {/api/v1/modules}:[39m[38;5;3m +1ms[39m
[32m[Nest] 9604  - [39m17/06/2026, 09:28:28 [32m    LOG[39m [38;5;3m[RouterExplorer] [39m[32mMapped {/api/v1/modules, POST} route[39m[38;5;3m +0ms[39m
[32m[Nest] 9604  - [39m17/06/2026, 09:28:28 [32m    LOG[39m [38;5;3m[RouterExplorer] [39m[32mMapped {/api/v1/modules, GET} route[39m[38;5;3m +0ms[39m
[32m[Nest] 9604  - [39m17/06/2026, 09:28:28 [32m    LOG[39m [38;5;3m[RouterExplorer] [39m[32mMapped {/api/v1/modules/:id, GET} route[39m[38;5;3m +0ms[39m
[32m[Nest] 9604  - [39m17/06/2026, 09:28:28 [32m    LOG[39m [38;5;3m[RouterExplorer] [39m[32mMapped {/api/v1/modules/by-slug/:slug, GET} route[39m[38;5;3m +1ms[39m
[32m[Nest] 9604  - [39m17/06/2026, 09:28:28 [32m    LOG[39m [38;5;3m[RouterExplorer] [39m[32mMapped {/api/v1/modules/:id, PATCH} route[39m[38;5;3m +0ms[39m
[32m[Nest] 9604  - [39m17/06/2026, 09:28:28 [32m    LOG[39m [38;5;3m[RouterExplorer] [39m[32mMapped {/api/v1/modules/:id, DELETE} route[39m[38;5;3m +0ms[39m
[32m[Nest] 9604  - [39m17/06/2026, 09:28:28 [32m    LOG[39m [38;5;3m[RoutesResolver] [39m[32mFieldsController {/api/v1/modules/:moduleId/fields}:[39m[38;5;3m +0ms[39m
[32m[Nest] 9604  - [39m17/06/2026, 09:28:28 [32m    LOG[39m [38;5;3m[RouterExplorer] [39m[32mMapped {/api/v1/modules/:moduleId/fields, POST} route[39m[38;5;3m +0ms[39m
[32m[Nest] 9604  - [39m17/06/2026, 09:28:28 [32m    LOG[39m [38;5;3m[RouterExplorer] [39m[32mMapped {/api/v1/modules/:moduleId/fields, GET} route[39m[38;5;3m +1ms[39m
[32m[Nest] 9604  - [39m17/06/2026, 09:28:28 [32m    LOG[39m [38;5;3m[RouterExplorer] [39m[32mMapped {/api/v1/modules/:moduleId/fields/:id, PATCH} route[39m[38;5;3m +0ms[39m
[32m[Nest] 9604  - [39m17/06/2026, 09:28:28 [32m    LOG[39m [38;5;3m[RouterExplorer] [39m[32mMapped {/api/v1/modules/:moduleId/fields/reorder, POST} route[39m[38;5;3m +0ms[39m
[32m[Nest] 9604  - [39m17/06/2026, 09:28:28 [32m    LOG[39m [38;5;3m[RouterExplorer] [39m[32mMapped {/api/v1/modules/:moduleId/fields/:id, DELETE} route[39m[38;5;3m +0ms[39m
[32m[Nest] 9604  - [39m17/06/2026, 09:28:28 [32m    LOG[39m [38;5;3m[RoutesResolver] [39m[32mRecordsController {/api/v1/modules/:moduleId/records}:[39m[38;5;3m +1ms[39m
[32m[Nest] 9604  - [39m17/06/2026, 09:28:28 [32m    LOG[39m [38;5;3m[RouterExplorer] [39m[32mMapped {/api/v1/modules/:moduleId/records, POST} route[39m[38;5;3m +0ms[39m
[32m[Nest] 9604  - [39m17/06/2026, 09:28:28 [32m    LOG[39m [38;5;3m[RouterExplorer] [39m[32mMapped {/api/v1/modules/:moduleId/records, GET} route[39m[38;5;3m +0ms[39m
[32m[Nest] 9604  - [39m17/06/2026, 09:28:28 [32m    LOG[39m [38;5;3m[RouterExplorer] [39m[32mMapped {/api/v1/modules/:moduleId/records/:id, GET} route[39m[38;5;3m +0ms[39m
[32m[Nest] 9604  - [39m17/06/2026, 09:28:28 [32m    LOG[39m [38;5;3m[RouterExplorer] [39m[32mMapped {/api/v1/modules/:moduleId/records/:id, PATCH} route[39m[38;5;3m +1ms[39m
[32m[Nest] 9604  - [39m17/06/2026, 09:28:28 [32m    LOG[39m [38;5;3m[RouterExplorer] [39m[32mMapped {/api/v1/modules/:moduleId/records/:id, DELETE} route[39m[38;5;3m +0ms[39m
[32m[Nest] 9604  - [39m17/06/2026, 09:28:28 [32m    LOG[39m [38;5;3m[RouterExplorer] [39m[32mMapped {/api/v1/modules/:moduleId/records/bulk-delete, POST} route[39m[38;5;3m +0ms[39m
[32m[Nest] 9604  - [39m17/06/2026, 09:28:28 [32m    LOG[39m [38;5;3m[RouterExplorer] [39m[32mMapped {/api/v1/modules/:moduleId/records/bulk-update, POST} route[39m[38;5;3m +0ms[39m
[32m[Nest] 9604  - [39m17/06/2026, 09:28:28 [32m    LOG[39m [38;5;3m[RouterExplorer] [39m[32mMapped {/api/v1/modules/:moduleId/records/import/template, GET} route[39m[38;5;3m +1ms[39m
[32m[Nest] 9604  - [39m17/06/2026, 09:28:28 [32m    LOG[39m [38;5;3m[RouterExplorer] [39m[32mMapped {/api/v1/modules/:moduleId/records/import/preview, POST} route[39m[38;5;3m +0ms[39m
[32m[Nest] 9604  - [39m17/06/2026, 09:28:28 [32m    LOG[39m [38;5;3m[RouterExplorer] [39m[32mMapped {/api/v1/modules/:moduleId/records/import/run, POST} route[39m[38;5;3m +0ms[39m
[32m[Nest] 9604  - [39m17/06/2026, 09:28:28 [32m    LOG[39m [38;5;3m[RouterExplorer] [39m[32mMapped {/api/v1/modules/:moduleId/records/export/csv, GET} route[39m[38;5;3m +0ms[39m
[32m[Nest] 9604  - [39m17/06/2026, 09:28:28 [32m    LOG[39m [38;5;3m[RouterExplorer] [39m[32mMapped {/api/v1/modules/:moduleId/records/:id/comments, POST} route[39m[38;5;3m +1ms[39m
[32m[Nest] 9604  - [39m17/06/2026, 09:28:28 [32m    LOG[39m [38;5;3m[RoutesResolver] [39m[32mLookupController {/api/v1/records}:[39m[38;5;3m +0ms[39m
[32m[Nest] 9604  - [39m17/06/2026, 09:28:28 [32m    LOG[39m [38;5;3m[RouterExplorer] [39m[32mMapped {/api/v1/records/lookup, GET} route[39m[38;5;3m +0ms[39m
[32m[Nest] 9604  - [39m17/06/2026, 09:28:28 [32m    LOG[39m [38;5;3m[RoutesResolver] [39m[32mWorkflowsController {/api/v1/workflows}:[39m[38;5;3m +0ms[39m
[32m[Nest] 9604  - [39m17/06/2026, 09:28:28 [32m    LOG[39m [38;5;3m[RouterExplorer] [39m[32mMapped {/api/v1/workflows, POST} route[39m[38;5;3m +0ms[39m
[32m[Nest] 9604  - [39m17/06/2026, 09:28:28 [32m    LOG[39m [38;5;3m[RouterExplorer] [39m[32mMapped {/api/v1/workflows, GET} route[39m[38;5;3m +1ms[39m
[32m[Nest] 9604  - [39m17/06/2026, 09:28:28 [32m    LOG[39m [38;5;3m[RouterExplorer] [39m[32mMapped {/api/v1/workflows/:id, GET} route[39m[38;5;3m +0ms[39m
[32m[Nest] 9604  - [39m17/06/2026, 09:28:28 [32m    LOG[39m [38;5;3m[RouterExplorer] [39m[32mMapped {/api/v1/workflows/:id, PATCH} route[39m[38;5;3m +0ms[39m
[32m[Nest] 9604  - [39m17/06/2026, 09:28:28 [32m    LOG[39m [38;5;3m[RouterExplorer] [39m[32mMapped {/api/v1/workflows/:id, DELETE} route[39m[38;5;3m +0ms[39m
[32m[Nest] 9604  - [39m17/06/2026, 09:28:28 [32m    LOG[39m [38;5;3m[RouterExplorer] [39m[32mMapped {/api/v1/workflows/:id/toggle, PATCH} route[39m[38;5;3m +1ms[39m
[32m[Nest] 9604  - [39m17/06/2026, 09:28:28 [32m    LOG[39m [38;5;3m[RouterExplorer] [39m[32mMapped {/api/v1/workflows/:id/executions, GET} route[39m[38;5;3m +0ms[39m
[32m[Nest] 9604  - [39m17/06/2026, 09:28:28 [32m    LOG[39m [38;5;3m[RouterExplorer] [39m[32mMapped {/api/v1/workflows/:id/execute-on-record, POST} route[39m[38;5;3m +0ms[39m
[32m[Nest] 9604  - [39m17/06/2026, 09:28:28 [32m    LOG[39m [38;5;3m[RoutesResolver] [39m[32mProcessController {/api/v1/process}:[39m[38;5;3m +0ms[39m
[32m[Nest] 9604  - [39m17/06/2026, 09:28:28 [32m    LOG[39m [38;5;3m[RouterExplorer] [39m[32mMapped {/api/v1/process/blueprints, GET} route[39m[38;5;3m +1ms[39m
[32m[Nest] 9604  - [39m17/06/2026, 09:28:28 [32m    LOG[39m [38;5;3m[RouterExplorer] [39m[32mMapped {/api/v1/process/blueprints, POST} route[39m[38;5;3m +0ms[39m
[32m[Nest] 9604  - [39m17/06/2026, 09:28:28 [32m    LOG[39m [38;5;3m[RouterExplorer] [39m[32mMapped {/api/v1/process/blueprints/:id, GET} route[39m[38;5;3m +0ms[39m
[32m[Nest] 9604  - [39m17/06/2026, 09:28:28 [32m    LOG[39m [38;5;3m[RouterExplorer] [39m[32mMapped {/api/v1/process/blueprints/:id, PATCH} route[39m[38;5;3m +1ms[39m
[32m[Nest] 9604  - [39m17/06/2026, 09:28:28 [32m    LOG[39m [38;5;3m[RouterExplorer] [39m[32mMapped {/api/v1/process/blueprints/:id, DELETE} route[39m[38;5;3m +0ms[39m
[32m[Nest] 9604  - [39m17/06/2026, 09:28:28 [32m    LOG[39m [38;5;3m[RouterExplorer] [39m[32mMapped {/api/v1/process/start, POST} route[39m[38;5;3m +0ms[39m
[32m[Nest] 9604  - [39m17/06/2026, 09:28:28 [32m    LOG[39m [38;5;3m[RouterExplorer] [39m[32mMapped {/api/v1/process/my-tasks, GET} route[39m[38;5;3m +0ms[39m
[32m[Nest] 9604  - [39m17/06/2026, 09:28:28 [32m    LOG[39m [38;5;3m[RouterExplorer] [39m[32mMapped {/api/v1/process/tasks/:id/action, POST} route[39m[38;5;3m +1ms[39m
[32m[Nest] 9604  - [39m17/06/2026, 09:28:28 [32m    LOG[39m [38;5;3m[RouterExplorer] [39m[32mMapped {/api/v1/process/tasks/:id/seen, PATCH} route[39m[38;5;3m +0ms[39m
[32m[Nest] 9604  - [39m17/06/2026, 09:28:28 [32m    LOG[39m [38;5;3m[RouterExplorer] [39m[32mMapped {/api/v1/process/instances/:id/timeline, GET} route[39m[38;5;3m +0ms[39m
[32m[Nest] 9604  - [39m17/06/2026, 09:28:28 [32m    LOG[39m [38;5;3m[RouterExplorer] [39m[32mMapped {/api/v1/process/monitor, GET} route[39m[38;5;3m +0ms[39m
[32m[Nest] 9604  - [39m17/06/2026, 09:28:28 [32m    LOG[39m [38;5;3m[RoutesResolver] [39m[32mNotificationsController {/api/v1/notifications}:[39m[38;5;3m +0ms[39m
[32m[Nest] 9604  - [39m17/06/2026, 09:28:28 [32m    LOG[39m [38;5;3m[RouterExplorer] [39m[32mMapped {/api/v1/notifications, GET} route[39m[38;5;3m +1ms[39m
[32m[Nest] 9604  - [39m17/06/2026, 09:28:28 [32m    LOG[39m [38;5;3m[RouterExplorer] [39m[32mMapped {/api/v1/notifications/unread-count, GET} route[39m[38;5;3m +0ms[39m
[32m[Nest] 9604  - [39m17/06/2026, 09:28:28 [32m    LOG[39m [38;5;3m[RouterExplorer] [39m[32mMapped {/api/v1/notifications/:id/read, PATCH} route[39m[38;5;3m +0ms[39m
[32m[Nest] 9604  - [39m17/06/2026, 09:28:28 [32m    LOG[39m [38;5;3m[RouterExplorer] [39m[32mMapped {/api/v1/notifications/read-all, PATCH} route[39m[38;5;3m +0ms[39m
[32m[Nest] 9604  - [39m17/06/2026, 09:28:28 [32m    LOG[39m [38;5;3m[RoutesResolver] [39m[32mRelationshipsController {/api/v1/relationships}:[39m[38;5;3m +1ms[39m
[32m[Nest] 9604  - [39m17/06/2026, 09:28:28 [32m    LOG[39m [38;5;3m[RouterExplorer] [39m[32mMapped {/api/v1/relationships, POST} route[39m[38;5;3m +0ms[39m
[32m[Nest] 9604  - [39m17/06/2026, 09:28:28 [32m    LOG[39m [38;5;3m[RouterExplorer] [39m[32mMapped {/api/v1/relationships, GET} route[39m[38;5;3m +0ms[39m
[32m[Nest] 9604  - [39m17/06/2026, 09:28:28 [32m    LOG[39m [38;5;3m[RouterExplorer] [39m[32mMapped {/api/v1/relationships/module/:moduleId, GET} route[39m[38;5;3m +0ms[39m
[32m[Nest] 9604  - [39m17/06/2026, 09:28:28 [32m    LOG[39m [38;5;3m[RoutesResolver] [39m[32mAuditController {/api/v1/audit}:[39m[38;5;3m +0ms[39m
[32m[Nest] 9604  - [39m17/06/2026, 09:28:28 [32m    LOG[39m [38;5;3m[RouterExplorer] [39m[32mMapped {/api/v1/audit, GET} route[39m[38;5;3m +1ms[39m
[32m[Nest] 9604  - [39m17/06/2026, 09:28:28 [32m    LOG[39m [38;5;3m[RoutesResolver] [39m[32mFilesController {/api/v1/files}:[39m[38;5;3m +0ms[39m
[32m[Nest] 9604  - [39m17/06/2026, 09:28:28 [32m    LOG[39m [38;5;3m[RouterExplorer] [39m[32mMapped {/api/v1/files/upload, POST} route[39m[38;5;3m +0ms[39m
[32m[Nest] 9604  - [39m17/06/2026, 09:28:28 [32m    LOG[39m [38;5;3m[RouterExplorer] [39m[32mMapped {/api/v1/files/serve/:orgId/:filename, GET} route[39m[38;5;3m +1ms[39m
[32m[Nest] 9604  - [39m17/06/2026, 09:28:28 [32m    LOG[39m [38;5;3m[RouterExplorer] [39m[32mMapped {/api/v1/files/record/:recordId, GET} route[39m[38;5;3m +0ms[39m
[32m[Nest] 9604  - [39m17/06/2026, 09:28:28 [32m    LOG[39m [38;5;3m[RoutesResolver] [39m[32mDashboardsController {/api/v1/dashboards}:[39m[38;5;3m +0ms[39m
[32m[Nest] 9604  - [39m17/06/2026, 09:28:28 [32m    LOG[39m [38;5;3m[RouterExplorer] [39m[32mMapped {/api/v1/dashboards, GET} route[39m[38;5;3m +0ms[39m
[32m[Nest] 9604  - [39m17/06/2026, 09:28:28 [32m    LOG[39m [38;5;3m[RouterExplorer] [39m[32mMapped {/api/v1/dashboards/:id, GET} route[39m[38;5;3m +0ms[39m
[32m[Nest] 9604  - [39m17/06/2026, 09:28:28 [32m    LOG[39m [38;5;3m[RouterExplorer] [39m[32mMapped {/api/v1/dashboards, POST} route[39m[38;5;3m +1ms[39m
[32m[Nest] 9604  - [39m17/06/2026, 09:28:28 [32m    LOG[39m [38;5;3m[RouterExplorer] [39m[32mMapped {/api/v1/dashboards/:id, PATCH} route[39m[38;5;3m +0ms[39m
[32m[Nest] 9604  - [39m17/06/2026, 09:28:28 [32m    LOG[39m [38;5;3m[RouterExplorer] [39m[32mMapped {/api/v1/dashboards/:id, DELETE} route[39m[38;5;3m +0ms[39m
[32m[Nest] 9604  - [39m17/06/2026, 09:28:28 [32m    LOG[39m [38;5;3m[RoutesResolver] [39m[32mViewsController {/api/v1/modules/:moduleId/views}:[39m[38;5;3m +0ms[39m
[32m[Nest] 9604  - [39m17/06/2026, 09:28:28 [32m    LOG[39m [38;5;3m[RouterExplorer] [39m[32mMapped {/api/v1/modules/:moduleId/views, POST} route[39m[38;5;3m +1ms[39m
[32m[Nest] 9604  - [39m17/06/2026, 09:28:28 [32m    LOG[39m [38;5;3m[RouterExplorer] [39m[32mMapped {/api/v1/modules/:moduleId/views, GET} route[39m[38;5;3m +0ms[39m
[32m[Nest] 9604  - [39m17/06/2026, 09:28:28 [32m    LOG[39m [38;5;3m[RouterExplorer] [39m[32mMapped {/api/v1/modules/:moduleId/views/:id, GET} route[39m[38;5;3m +0ms[39m
[32m[Nest] 9604  - [39m17/06/2026, 09:28:28 [32m    LOG[39m [38;5;3m[RouterExplorer] [39m[32mMapped {/api/v1/modules/:moduleId/views/:id, PATCH} route[39m[38;5;3m +0ms[39m
[32m[Nest] 9604  - [39m17/06/2026, 09:28:28 [32m    LOG[39m [38;5;3m[RouterExplorer] [39m[32mMapped {/api/v1/modules/:moduleId/views/:id/toggle-pin, PATCH} route[39m[38;5;3m +1ms[39m
[32m[Nest] 9604  - [39m17/06/2026, 09:28:28 [32m    LOG[39m [38;5;3m[RouterExplorer] [39m[32mMapped {/api/v1/modules/:moduleId/views/:id, DELETE} route[39m[38;5;3m +0ms[39m
[32m[Nest] 9604  - [39m17/06/2026, 09:28:28 [32m    LOG[39m [38;5;3m[RoutesResolver] [39m[32mGlobalListsController {/api/v1/global-lists}:[39m[38;5;3m +0ms[39m
[32m[Nest] 9604  - [39m17/06/2026, 09:28:28 [32m    LOG[39m [38;5;3m[RouterExplorer] [39m[32mMapped {/api/v1/global-lists, GET} route[39m[38;5;3m +0ms[39m
[32m[Nest] 9604  - [39m17/06/2026, 09:28:28 [32m    LOG[39m [38;5;3m[RouterExplorer] [39m[32mMapped {/api/v1/global-lists/:id, GET} route[39m[38;5;3m +1ms[39m
[32m[Nest] 9604  - [39m17/06/2026, 09:28:28 [32m    LOG[39m [38;5;3m[RouterExplorer] [39m[32mMapped {/api/v1/global-lists, POST} route[39m[38;5;3m +0ms[39m
[32m[Nest] 9604  - [39m17/06/2026, 09:28:28 [32m    LOG[39m [38;5;3m[RouterExplorer] [39m[32mMapped {/api/v1/global-lists/:id, PATCH} route[39m[38;5;3m +0ms[39m
[32m[Nest] 9604  - [39m17/06/2026, 09:28:28 [32m    LOG[39m [38;5;3m[RouterExplorer] [39m[32mMapped {/api/v1/global-lists/:id, DELETE} route[39m[38;5;3m +0ms[39m
[32m[Nest] 9604  - [39m17/06/2026, 09:28:28 [32m    LOG[39m [38;5;3m[RouterExplorer] [39m[32mMapped {/api/v1/global-lists/:id/items, GET} route[39m[38;5;3m +0ms[39m
[32m[Nest] 9604  - [39m17/06/2026, 09:28:28 [32m    LOG[39m [38;5;3m[RouterExplorer] [39m[32mMapped {/api/v1/global-lists/:id/tree, GET} route[39m[38;5;3m +1ms[39m
[32m[Nest] 9604  - [39m17/06/2026, 09:28:28 [32m    LOG[39m [38;5;3m[RouterExplorer] [39m[32mMapped {/api/v1/global-lists/:id/items, POST} route[39m[38;5;3m +0ms[39m
[32m[Nest] 9604  - [39m17/06/2026, 09:28:28 [32m    LOG[39m [38;5;3m[RouterExplorer] [39m[32mMapped {/api/v1/global-lists/:id/items/bulk, POST} route[39m[38;5;3m +0ms[39m
[32m[Nest] 9604  - [39m17/06/2026, 09:28:28 [32m    LOG[39m [38;5;3m[RouterExplorer] [39m[32mMapped {/api/v1/global-lists/:id/items/:itemId, PATCH} route[39m[38;5;3m +0ms[39m
[32m[Nest] 9604  - [39m17/06/2026, 09:28:28 [32m    LOG[39m [38;5;3m[RouterExplorer] [39m[32mMapped {/api/v1/global-lists/:id/items/:itemId, DELETE} route[39m[38;5;3m +1ms[39m
[32m[Nest] 9604  - [39m17/06/2026, 09:28:28 [32m    LOG[39m [38;5;3m[RouterExplorer] [39m[32mMapped {/api/v1/global-lists/:id/items/:itemId, GET} route[39m[38;5;3m +0ms[39m
[32m[Nest] 9604  - [39m17/06/2026, 09:28:28 [32m    LOG[39m [38;5;3m[RouterExplorer] [39m[32mMapped {/api/v1/global-lists/:id/items/:itemId/children, GET} route[39m[38;5;3m +0ms[39m
[32m[Nest] 9604  - [39m17/06/2026, 09:28:28 [32m    LOG[39m [38;5;3m[RouterExplorer] [39m[32mMapped {/api/v1/global-lists/:id/items/:itemId/ancestors, GET} route[39m[38;5;3m +0ms[39m
[32m[Nest] 9604  - [39m17/06/2026, 09:28:28 [32m    LOG[39m [38;5;3m[RoutesResolver] [39m[32mFormsController {/api/v1/forms}:[39m[38;5;3m +0ms[39m
[32m[Nest] 9604  - [39m17/06/2026, 09:28:28 [32m    LOG[39m [38;5;3m[RouterExplorer] [39m[32mMapped {/api/v1/forms, GET} route[39m[38;5;3m +1ms[39m
[32m[Nest] 9604  - [39m17/06/2026, 09:28:28 [32m    LOG[39m [38;5;3m[RouterExplorer] [39m[32mMapped {/api/v1/forms/folders, GET} route[39m[38;5;3m +0ms[39m
[32m[Nest] 9604  - [39m17/06/2026, 09:28:28 [32m    LOG[39m [38;5;3m[RouterExplorer] [39m[32mMapped {/api/v1/forms/folders, POST} route[39m[38;5;3m +0ms[39m
[32m[Nest] 9604  - [39m17/06/2026, 09:28:28 [32m    LOG[39m [38;5;3m[RouterExplorer] [39m[32mMapped {/api/v1/forms/folders/:folderId, PATCH} route[39m[38;5;3m +0ms[39m
[32m[Nest] 9604  - [39m17/06/2026, 09:28:28 [32m    LOG[39m [38;5;3m[RouterExplorer] [39m[32mMapped {/api/v1/forms/folders/:folderId, DELETE} route[39m[38;5;3m +1ms[39m
[32m[Nest] 9604  - [39m17/06/2026, 09:28:28 [32m    LOG[39m [38;5;3m[RouterExplorer] [39m[32mMapped {/api/v1/forms/folders/:folderId/forms, GET} route[39m[38;5;3m +0ms[39m
[32m[Nest] 9604  - [39m17/06/2026, 09:28:28 [32m    LOG[39m [38;5;3m[RouterExplorer] [39m[32mMapped {/api/v1/forms/shared, GET} route[39m[38;5;3m +1ms[39m
[32m[Nest] 9604  - [39m17/06/2026, 09:28:28 [32m    LOG[39m [38;5;3m[RouterExplorer] [39m[32mMapped {/api/v1/forms/shared-folders, GET} route[39m[38;5;3m +0ms[39m
[32m[Nest] 9604  - [39m17/06/2026, 09:28:28 [32m    LOG[39m [38;5;3m[RouterExplorer] [39m[32mMapped {/api/v1/forms/:id, GET} route[39m[38;5;3m +1ms[39m
[32m[Nest] 9604  - [39m17/06/2026, 09:28:28 [32m    LOG[39m [38;5;3m[RouterExplorer] [39m[32mMapped {/api/v1/forms, POST} route[39m[38;5;3m +0ms[39m
[32m[Nest] 9604  - [39m17/06/2026, 09:28:28 [32m    LOG[39m [38;5;3m[RouterExplorer] [39m[32mMapped {/api/v1/forms/:id, PATCH} route[39m[38;5;3m +0ms[39m
[32m[Nest] 9604  - [39m17/06/2026, 09:28:28 [32m    LOG[39m [38;5;3m[RouterExplorer] [39m[32mMapped {/api/v1/forms/:id, DELETE} route[39m[38;5;3m +1ms[39m
[32m[Nest] 9604  - [39m17/06/2026, 09:28:28 [32m    LOG[39m [38;5;3m[RouterExplorer] [39m[32mMapped {/api/v1/forms/:id/sections, POST} route[39m[38;5;3m +0ms[39m
[32m[Nest] 9604  - [39m17/06/2026, 09:28:28 [32m    LOG[39m [38;5;3m[RouterExplorer] [39m[32mMapped {/api/v1/forms/:id/sections/:sectionId, PATCH} route[39m[38;5;3m +0ms[39m
[32m[Nest] 9604  - [39m17/06/2026, 09:28:28 [32m    LOG[39m [38;5;3m[RouterExplorer] [39m[32mMapped {/api/v1/forms/:id/sections/:sectionId, DELETE} route[39m[38;5;3m +1ms[39m
[32m[Nest] 9604  - [39m17/06/2026, 09:28:28 [32m    LOG[39m [38;5;3m[RouterExplorer] [39m[32mMapped {/api/v1/forms/:id/available-fields, GET} route[39m[38;5;3m +0ms[39m
[32m[Nest] 9604  - [39m17/06/2026, 09:28:28 [32m    LOG[39m [38;5;3m[RouterExplorer] [39m[32mMapped {/api/v1/forms/:id/fields, POST} route[39m[38;5;3m +0ms[39m
[32m[Nest] 9604  - [39m17/06/2026, 09:28:28 [32m    LOG[39m [38;5;3m[RouterExplorer] [39m[32mMapped {/api/v1/forms/:id/fields/:formFieldId, PATCH} route[39m[38;5;3m +1ms[39m
[32m[Nest] 9604  - [39m17/06/2026, 09:28:28 [32m    LOG[39m [38;5;3m[RouterExplorer] [39m[32mMapped {/api/v1/forms/:id/fields/:formFieldId, DELETE} route[39m[38;5;3m +0ms[39m
[32m[Nest] 9604  - [39m17/06/2026, 09:28:28 [32m    LOG[39m [38;5;3m[RouterExplorer] [39m[32mMapped {/api/v1/forms/:id/fields/reorder, POST} route[39m[38;5;3m +0ms[39m
[32m[Nest] 9604  - [39m17/06/2026, 09:28:28 [32m    LOG[39m [38;5;3m[RouterExplorer] [39m[32mMapped {/api/v1/forms/:id/permissions, GET} route[39m[38;5;3m +0ms[39m
[32m[Nest] 9604  - [39m17/06/2026, 09:28:28 [32m    LOG[39m [38;5;3m[RouterExplorer] [39m[32mMapped {/api/v1/forms/:id/permissions, POST} route[39m[38;5;3m +0ms[39m
[32m[Nest] 9604  - [39m17/06/2026, 09:28:28 [32m    LOG[39m [38;5;3m[RouterExplorer] [39m[32mMapped {/api/v1/forms/:id/generate-token, POST} route[39m[38;5;3m +1ms[39m
[32m[Nest] 9604  - [39m17/06/2026, 09:28:28 [32m    LOG[39m [38;5;3m[RouterExplorer] [39m[32mMapped {/api/v1/forms/:id/revoke-token, POST} route[39m[38;5;3m +0ms[39m
[32m[Nest] 9604  - [39m17/06/2026, 09:28:28 [32m    LOG[39m [38;5;3m[RouterExplorer] [39m[32mMapped {/api/v1/forms/:id/submissions, GET} route[39m[38;5;3m +0ms[39m
[32m[Nest] 9604  - [39m17/06/2026, 09:28:28 [32m    LOG[39m [38;5;3m[RouterExplorer] [39m[32mMapped {/api/v1/forms/:id/sharing, GET} route[39m[38;5;3m +0ms[39m
[32m[Nest] 9604  - [39m17/06/2026, 09:28:28 [32m    LOG[39m [38;5;3m[RouterExplorer] [39m[32mMapped {/api/v1/forms/:id/sharing, PATCH} route[39m[38;5;3m +1ms[39m
[32m[Nest] 9604  - [39m17/06/2026, 09:28:28 [32m    LOG[39m [38;5;3m[RoutesResolver] [39m[32mPublicFormsController {/api/v1/public/forms}:[39m[38;5;3m +0ms[39m
[32m[Nest] 9604  - [39m17/06/2026, 09:28:28 [32m    LOG[39m [38;5;3m[RouterExplorer] [39m[32mMapped {/api/v1/public/forms/:token, GET} route[39m[38;5;3m +0ms[39m
[32m[Nest] 9604  - [39m17/06/2026, 09:28:28 [32m    LOG[39m [38;5;3m[RouterExplorer] [39m[32mMapped {/api/v1/public/forms/:token/submit, POST} route[39m[38;5;3m +0ms[39m
[32m[Nest] 9604  - [39m17/06/2026, 09:28:28 [32m    LOG[39m [38;5;3m[RoutesResolver] [39m[32mAnalyticsController {/api/v1/analytics}:[39m[38;5;3m +0ms[39m
[32m[Nest] 9604  - [39m17/06/2026, 09:28:28 [32m    LOG[39m [38;5;3m[RouterExplorer] [39m[32mMapped {/api/v1/analytics/data/:moduleId, POST} route[39m[38;5;3m +1ms[39m
[32m[Nest] 9604  - [39m17/06/2026, 09:28:28 [32m    LOG[39m [38;5;3m[RouterExplorer] [39m[32mMapped {/api/v1/analytics/:moduleId, GET} route[39m[38;5;3m +0ms[39m
[32m[Nest] 9604  - [39m17/06/2026, 09:28:28 [32m    LOG[39m [38;5;3m[RouterExplorer] [39m[32mMapped {/api/v1/analytics/kanban/:moduleId, POST} route[39m[38;5;3m +0ms[39m
[32m[Nest] 9604  - [39m17/06/2026, 09:28:28 [32m    LOG[39m [38;5;3m[RouterExplorer] [39m[32mMapped {/api/v1/analytics/views/list, GET} route[39m[38;5;3m +0ms[39m
[32m[Nest] 9604  - [39m17/06/2026, 09:28:28 [32m    LOG[39m [38;5;3m[RouterExplorer] [39m[32mMapped {/api/v1/analytics/views/:id, GET} route[39m[38;5;3m +0ms[39m
[32m[Nest] 9604  - [39m17/06/2026, 09:28:28 [32m    LOG[39m [38;5;3m[RouterExplorer] [39m[32mMapped {/api/v1/analytics/views, POST} route[39m[38;5;3m +1ms[39m
[32m[Nest] 9604  - [39m17/06/2026, 09:28:28 [32m    LOG[39m [38;5;3m[RouterExplorer] [39m[32mMapped {/api/v1/analytics/views/:id, PATCH} route[39m[38;5;3m +0ms[39m
[32m[Nest] 9604  - [39m17/06/2026, 09:28:28 [32m    LOG[39m [38;5;3m[RouterExplorer] [39m[32mMapped {/api/v1/analytics/views/:id, DELETE} route[39m[38;5;3m +0ms[39m
[32m[Nest] 9604  - [39m17/06/2026, 09:28:28 [32m    LOG[39m [38;5;3m[RouterExplorer] [39m[32mMapped {/api/v1/analytics/views/:id/toggle-pin, PATCH} route[39m[38;5;3m +0ms[39m
[32m[Nest] 9604  - [39m17/06/2026, 09:28:28 [32m    LOG[39m [38;5;3m[RouterExplorer] [39m[32mMapped {/api/v1/analytics/saved-filters, GET} route[39m[38;5;3m +0ms[39m
[32m[Nest] 9604  - [39m17/06/2026, 09:28:28 [32m    LOG[39m [38;5;3m[RouterExplorer] [39m[32mMapped {/api/v1/analytics/saved-filters, POST} route[39m[38;5;3m +0ms[39m
[32m[Nest] 9604  - [39m17/06/2026, 09:28:28 [32m    LOG[39m [38;5;3m[RouterExplorer] [39m[32mMapped {/api/v1/analytics/saved-filters/:id, PATCH} route[39m[38;5;3m +1ms[39m
[32m[Nest] 9604  - [39m17/06/2026, 09:28:28 [32m    LOG[39m [38;5;3m[RouterExplorer] [39m[32mMapped {/api/v1/analytics/saved-filters/:id, DELETE} route[39m[38;5;3m +0ms[39m
[32m[Nest] 9604  - [39m17/06/2026, 09:28:28 [32m    LOG[39m [38;5;3m[RouterExplorer] [39m[32mMapped {/api/v1/analytics/targets/list, GET} route[39m[38;5;3m +0ms[39m
[32m[Nest] 9604  - [39m17/06/2026, 09:28:28 [32m    LOG[39m [38;5;3m[RouterExplorer] [39m[32mMapped {/api/v1/analytics/targets, POST} route[39m[38;5;3m +0ms[39m
[32m[Nest] 9604  - [39m17/06/2026, 09:28:28 [32m    LOG[39m [38;5;3m[RouterExplorer] [39m[32mMapped {/api/v1/analytics/targets/:id, PATCH} route[39m[38;5;3m +0ms[39m
[32m[Nest] 9604  - [39m17/06/2026, 09:28:28 [32m    LOG[39m [38;5;3m[RouterExplorer] [39m[32mMapped {/api/v1/analytics/targets/:id, DELETE} route[39m[38;5;3m +1ms[39m
[32m[Nest] 9604  - [39m17/06/2026, 09:28:28 [32m    LOG[39m [38;5;3m[RouterExplorer] [39m[32mMapped {/api/v1/analytics/targets/:id/compute, POST} route[39m[38;5;3m +0ms[39m
[32m[Nest] 9604  - [39m17/06/2026, 09:28:28 [32m    LOG[39m [38;5;3m[RoutesResolver] [39m[32mUserPreferencesController {/api/v1/user-preferences}:[39m[38;5;3m +0ms[39m
[32m[Nest] 9604  - [39m17/06/2026, 09:28:28 [32m    LOG[39m [38;5;3m[RouterExplorer] [39m[32mMapped {/api/v1/user-preferences/:key, GET} route[39m[38;5;3m +0ms[39m
[32m[Nest] 9604  - [39m17/06/2026, 09:28:28 [32m    LOG[39m [38;5;3m[RouterExplorer] [39m[32mMapped {/api/v1/user-preferences/:key, PUT} route[39m[38;5;3m +0ms[39m
[32m[Nest] 9604  - [39m17/06/2026, 09:28:28 [32m    LOG[39m [38;5;3m[RouterExplorer] [39m[32mMapped {/api/v1/user-preferences/:key, DELETE} route[39m[38;5;3m +1ms[39m
[32m[Nest] 9604  - [39m17/06/2026, 09:28:28 [32m    LOG[39m [38;5;3m[RoutesResolver] [39m[32mBlueprintsController {/api/v1/blueprints}:[39m[38;5;3m +0ms[39m
[32m[Nest] 9604  - [39m17/06/2026, 09:28:28 [32m    LOG[39m [38;5;3m[RouterExplorer] [39m[32mMapped {/api/v1/blueprints, GET} route[39m[38;5;3m +0ms[39m
[32m[Nest] 9604  - [39m17/06/2026, 09:28:28 [32m    LOG[39m [38;5;3m[RouterExplorer] [39m[32mMapped {/api/v1/blueprints/module/:moduleId, GET} route[39m[38;5;3m +0ms[39m
[32m[Nest] 9604  - [39m17/06/2026, 09:28:28 [32m    LOG[39m [38;5;3m[RouterExplorer] [39m[32mMapped {/api/v1/blueprints/evaluate/:recordId, GET} route[39m[38;5;3m +0ms[39m
[32m[Nest] 9604  - [39m17/06/2026, 09:28:28 [32m    LOG[39m [38;5;3m[RouterExplorer] [39m[32mMapped {/api/v1/blueprints/for-record/:recordId, GET} route[39m[38;5;3m +1ms[39m
[32m[Nest] 9604  - [39m17/06/2026, 09:28:28 [32m    LOG[39m [38;5;3m[RouterExplorer] [39m[32mMapped {/api/v1/blueprints/initialize-record, POST} route[39m[38;5;3m +0ms[39m
[32m[Nest] 9604  - [39m17/06/2026, 09:28:28 [32m    LOG[39m [38;5;3m[RouterExplorer] [39m[32mMapped {/api/v1/blueprints/execute-transition, POST} route[39m[38;5;3m +0ms[39m
[32m[Nest] 9604  - [39m17/06/2026, 09:28:28 [32m    LOG[39m [38;5;3m[RouterExplorer] [39m[32mMapped {/api/v1/blueprints/validate-transition, POST} route[39m[38;5;3m +0ms[39m
[32m[Nest] 9604  - [39m17/06/2026, 09:28:28 [32m    LOG[39m [38;5;3m[RouterExplorer] [39m[32mMapped {/api/v1/blueprints/my-pending-tasks, GET} route[39m[38;5;3m +0ms[39m
[32m[Nest] 9604  - [39m17/06/2026, 09:28:28 [32m    LOG[39m [38;5;3m[RouterExplorer] [39m[32mMapped {/api/v1/blueprints/record/:recordId/tasks, GET} route[39m[38;5;3m +1ms[39m
[32m[Nest] 9604  - [39m17/06/2026, 09:28:28 [32m    LOG[39m [38;5;3m[RouterExplorer] [39m[32mMapped {/api/v1/blueprints/pending-tasks/:id/action, POST} route[39m[38;5;3m +0ms[39m
[32m[Nest] 9604  - [39m17/06/2026, 09:28:28 [32m    LOG[39m [38;5;3m[RouterExplorer] [39m[32mMapped {/api/v1/blueprints/:id, GET} route[39m[38;5;3m +0ms[39m
[32m[Nest] 9604  - [39m17/06/2026, 09:28:28 [32m    LOG[39m [38;5;3m[RouterExplorer] [39m[32mMapped {/api/v1/blueprints, POST} route[39m[38;5;3m +0ms[39m
[32m[Nest] 9604  - [39m17/06/2026, 09:28:28 [32m    LOG[39m [38;5;3m[RouterExplorer] [39m[32mMapped {/api/v1/blueprints/:id, PATCH} route[39m[38;5;3m +0ms[39m
[32m[Nest] 9604  - [39m17/06/2026, 09:28:28 [32m    LOG[39m [38;5;3m[RouterExplorer] [39m[32mMapped {/api/v1/blueprints/:id, DELETE} route[39m[38;5;3m +1ms[39m
[32m[Nest] 9604  - [39m17/06/2026, 09:28:28 [32m    LOG[39m [38;5;3m[RoutesResolver] [39m[32mPortalAuthController {/api/v1/portal/auth}:[39m[38;5;3m +0ms[39m
[32m[Nest] 9604  - [39m17/06/2026, 09:28:28 [32m    LOG[39m [38;5;3m[RouterExplorer] [39m[32mMapped {/api/v1/portal/auth/register, POST} route[39m[38;5;3m +0ms[39m
[32m[Nest] 9604  - [39m17/06/2026, 09:28:28 [32m    LOG[39m [38;5;3m[RouterExplorer] [39m[32mMapped {/api/v1/portal/auth/login, POST} route[39m[38;5;3m +0ms[39m
[32m[Nest] 9604  - [39m17/06/2026, 09:28:28 [32m    LOG[39m [38;5;3m[RouterExplorer] [39m[32mMapped {/api/v1/portal/auth/activate, POST} route[39m[38;5;3m +0ms[39m
[32m[Nest] 9604  - [39m17/06/2026, 09:28:28 [32m    LOG[39m [38;5;3m[RouterExplorer] [39m[32mMapped {/api/v1/portal/auth/refresh, POST} route[39m[38;5;3m +0ms[39m
[32m[Nest] 9604  - [39m17/06/2026, 09:28:28 [32m    LOG[39m [38;5;3m[RouterExplorer] [39m[32mMapped {/api/v1/portal/auth/forgot-password, POST} route[39m[38;5;3m +1ms[39m
[32m[Nest] 9604  - [39m17/06/2026, 09:28:28 [32m    LOG[39m [38;5;3m[RouterExplorer] [39m[32mMapped {/api/v1/portal/auth/reset-password, POST} route[39m[38;5;3m +0ms[39m
[32m[Nest] 9604  - [39m17/06/2026, 09:28:28 [32m    LOG[39m [38;5;3m[RouterExplorer] [39m[32mMapped {/api/v1/portal/auth/password-policy, GET} route[39m[38;5;3m +1ms[39m
[32m[Nest] 9604  - [39m17/06/2026, 09:28:28 [32m    LOG[39m [38;5;3m[RouterExplorer] [39m[32mMapped {/api/v1/portal/auth/logout, POST} route[39m[38;5;3m +0ms[39m
[32m[Nest] 9604  - [39m17/06/2026, 09:28:28 [32m    LOG[39m [38;5;3m[RoutesResolver] [39m[32mPortalController {/api/v1/portal}:[39m[38;5;3m +0ms[39m
[32m[Nest] 9604  - [39m17/06/2026, 09:28:28 [32m    LOG[39m [38;5;3m[RouterExplorer] [39m[32mMapped {/api/v1/portal/me, GET} route[39m[38;5;3m +0ms[39m
[32m[Nest] 9604  - [39m17/06/2026, 09:28:28 [32m    LOG[39m [38;5;3m[RouterExplorer] [39m[32mMapped {/api/v1/portal/me, PATCH} route[39m[38;5;3m +1ms[39m
[32m[Nest] 9604  - [39m17/06/2026, 09:28:28 [32m    LOG[39m [38;5;3m[RouterExplorer] [39m[32mMapped {/api/v1/portal/dashboard, GET} route[39m[38;5;3m +0ms[39m
[32m[Nest] 9604  - [39m17/06/2026, 09:28:28 [32m    LOG[39m [38;5;3m[RouterExplorer] [39m[32mMapped {/api/v1/portal/record, GET} route[39m[38;5;3m +0ms[39m
[32m[Nest] 9604  - [39m17/06/2026, 09:28:28 [32m    LOG[39m [38;5;3m[RouterExplorer] [39m[32mMapped {/api/v1/portal/record, PATCH} route[39m[38;5;3m +0ms[39m
[32m[Nest] 9604  - [39m17/06/2026, 09:28:28 [32m    LOG[39m [38;5;3m[RouterExplorer] [39m[32mMapped {/api/v1/portal/pages/:slug/data, GET} route[39m[38;5;3m +0ms[39m
[32m[Nest] 9604  - [39m17/06/2026, 09:28:28 [32m    LOG[39m [38;5;3m[RouterExplorer] [39m[32mMapped {/api/v1/portal/pages/:slug/data, PATCH} route[39m[38;5;3m +1ms[39m
[32m[Nest] 9604  - [39m17/06/2026, 09:28:28 [32m    LOG[39m [38;5;3m[RouterExplorer] [39m[32mMapped {/api/v1/portal/notifications, GET} route[39m[38;5;3m +0ms[39m
[32m[Nest] 9604  - [39m17/06/2026, 09:28:28 [32m    LOG[39m [38;5;3m[RouterExplorer] [39m[32mMapped {/api/v1/portal/notifications/read-all, PATCH} route[39m[38;5;3m +0ms[39m
[32m[Nest] 9604  - [39m17/06/2026, 09:28:28 [32m    LOG[39m [38;5;3m[RouterExplorer] [39m[32mMapped {/api/v1/portal/notifications/:id/read, PATCH} route[39m[38;5;3m +0ms[39m
[32m[Nest] 9604  - [39m17/06/2026, 09:28:28 [32m    LOG[39m [38;5;3m[RouterExplorer] [39m[32mMapped {/api/v1/portal/announcements, GET} route[39m[38;5;3m +1ms[39m
[32m[Nest] 9604  - [39m17/06/2026, 09:28:28 [32m    LOG[39m [38;5;3m[RouterExplorer] [39m[32mMapped {/api/v1/portal/menu, GET} route[39m[38;5;3m +0ms[39m
[32m[Nest] 9604  - [39m17/06/2026, 09:28:28 [32m    LOG[39m [38;5;3m[RouterExplorer] [39m[32mMapped {/api/v1/portal/pages/:slug, GET} route[39m[38;5;3m +0ms[39m
[32m[Nest] 9604  - [39m17/06/2026, 09:28:28 [32m    LOG[39m [38;5;3m[RouterExplorer] [39m[32mMapped {/api/v1/portal/fields, GET} route[39m[38;5;3m +0ms[39m
[32m[Nest] 9604  - [39m17/06/2026, 09:28:28 [32m    LOG[39m [38;5;3m[RouterExplorer] [39m[32mMapped {/api/v1/portal/fields, PATCH} route[39m[38;5;3m +0ms[39m
[32m[Nest] 9604  - [39m17/06/2026, 09:28:28 [32m    LOG[39m [38;5;3m[RouterExplorer] [39m[32mMapped {/api/v1/portal/documents, GET} route[39m[38;5;3m +1ms[39m
[32m[Nest] 9604  - [39m17/06/2026, 09:28:28 [32m    LOG[39m [38;5;3m[RouterExplorer] [39m[32mMapped {/api/v1/portal/documents, POST} route[39m[38;5;3m +0ms[39m
[32m[Nest] 9604  - [39m17/06/2026, 09:28:28 [32m    LOG[39m [38;5;3m[RouterExplorer] [39m[32mMapped {/api/v1/portal/documents/:id, DELETE} route[39m[38;5;3m +0ms[39m
[32m[Nest] 9604  - [39m17/06/2026, 09:28:28 [32m    LOG[39m [38;5;3m[RoutesResolver] [39m[32mPortalAdminController {/api/v1/portal/admin}:[39m[38;5;3m +0ms[39m
[32m[Nest] 9604  - [39m17/06/2026, 09:28:28 [32m    LOG[39m [38;5;3m[RouterExplorer] [39m[32mMapped {/api/v1/portal/admin/settings, GET} route[39m[38;5;3m +0ms[39m
[32m[Nest] 9604  - [39m17/06/2026, 09:28:28 [32m    LOG[39m [38;5;3m[RouterExplorer] [39m[32mMapped {/api/v1/portal/admin/settings, PATCH} route[39m[38;5;3m +1ms[39m
[32m[Nest] 9604  - [39m17/06/2026, 09:28:28 [32m    LOG[39m [38;5;3m[RouterExplorer] [39m[32mMapped {/api/v1/portal/admin/users, GET} route[39m[38;5;3m +0ms[39m
[32m[Nest] 9604  - [39m17/06/2026, 09:28:28 [32m    LOG[39m [38;5;3m[RouterExplorer] [39m[32mMapped {/api/v1/portal/admin/users/:id, GET} route[39m[38;5;3m +0ms[39m
[32m[Nest] 9604  - [39m17/06/2026, 09:28:28 [32m    LOG[39m [38;5;3m[RouterExplorer] [39m[32mMapped {/api/v1/portal/admin/users, POST} route[39m[38;5;3m +0ms[39m
[32m[Nest] 9604  - [39m17/06/2026, 09:28:28 [32m    LOG[39m [38;5;3m[RouterExplorer] [39m[32mMapped {/api/v1/portal/admin/users/:id/status, PATCH} route[39m[38;5;3m +0ms[39m
[32m[Nest] 9604  - [39m17/06/2026, 09:28:28 [32m    LOG[39m [38;5;3m[RouterExplorer] [39m[32mMapped {/api/v1/portal/admin/users/:id/reset, POST} route[39m[38;5;3m +1ms[39m
[32m[Nest] 9604  - [39m17/06/2026, 09:28:28 [32m    LOG[39m [38;5;3m[RouterExplorer] [39m[32mMapped {/api/v1/portal/admin/users/:id/role, PATCH} route[39m[38;5;3m +0ms[39m
[32m[Nest] 9604  - [39m17/06/2026, 09:28:28 [32m    LOG[39m [38;5;3m[RouterExplorer] [39m[32mMapped {/api/v1/portal/admin/users/:id/admin, PATCH} route[39m[38;5;3m +0ms[39m
[32m[Nest] 9604  - [39m17/06/2026, 09:28:28 [32m    LOG[39m [38;5;3m[RouterExplorer] [39m[32mMapped {/api/v1/portal/admin/module-configs, GET} route[39m[38;5;3m +0ms[39m
[32m[Nest] 9604  - [39m17/06/2026, 09:28:28 [32m    LOG[39m [38;5;3m[RouterExplorer] [39m[32mMapped {/api/v1/portal/admin/module-configs/:moduleId, GET} route[39m[38;5;3m +0ms[39m
[32m[Nest] 9604  - [39m17/06/2026, 09:28:28 [32m    LOG[39m [38;5;3m[RouterExplorer] [39m[32mMapped {/api/v1/portal/admin/module-configs/:moduleId, PATCH} route[39m[38;5;3m +1ms[39m
[32m[Nest] 9604  - [39m17/06/2026, 09:28:28 [32m    LOG[39m [38;5;3m[RouterExplorer] [39m[32mMapped {/api/v1/portal/admin/module-configs/:moduleId/mappings, GET} route[39m[38;5;3m +0ms[39m
[32m[Nest] 9604  - [39m17/06/2026, 09:28:28 [32m    LOG[39m [38;5;3m[RouterExplorer] [39m[32mMapped {/api/v1/portal/admin/module-configs/:moduleId/mappings, PUT} route[39m[38;5;3m +0ms[39m
[32m[Nest] 9604  - [39m17/06/2026, 09:28:28 [32m    LOG[39m [38;5;3m[RouterExplorer] [39m[32mMapped {/api/v1/portal/admin/records/:recordId/portal-status, GET} route[39m[38;5;3m +0ms[39m
[32m[Nest] 9604  - [39m17/06/2026, 09:28:28 [32m    LOG[39m [38;5;3m[RouterExplorer] [39m[32mMapped {/api/v1/portal/admin/records/:recordId/create-portal-user, POST} route[39m[38;5;3m +0ms[39m
[32m[Nest] 9604  - [39m17/06/2026, 09:28:28 [32m    LOG[39m [38;5;3m[RouterExplorer] [39m[32mMapped {/api/v1/portal/admin/records/:recordId/sync, POST} route[39m[38;5;3m +1ms[39m
[32m[Nest] 9604  - [39m17/06/2026, 09:28:28 [32m    LOG[39m [38;5;3m[RoutesResolver] [39m[32mPortalBuilderController {/api/v1/portal/admin/builder}:[39m[38;5;3m +0ms[39m
[32m[Nest] 9604  - [39m17/06/2026, 09:28:28 [32m    LOG[39m [38;5;3m[RouterExplorer] [39m[32mMapped {/api/v1/portal/admin/builder/pages, GET} route[39m[38;5;3m +0ms[39m
[32m[Nest] 9604  - [39m17/06/2026, 09:28:28 [32m    LOG[39m [38;5;3m[RouterExplorer] [39m[32mMapped {/api/v1/portal/admin/builder/pages/:id, GET} route[39m[38;5;3m +0ms[39m
[32m[Nest] 9604  - [39m17/06/2026, 09:28:28 [32m    LOG[39m [38;5;3m[RouterExplorer] [39m[32mMapped {/api/v1/portal/admin/builder/pages, POST} route[39m[38;5;3m +0ms[39m
[32m[Nest] 9604  - [39m17/06/2026, 09:28:28 [32m    LOG[39m [38;5;3m[RouterExplorer] [39m[32mMapped {/api/v1/portal/admin/builder/pages/:id, PATCH} route[39m[38;5;3m +1ms[39m
[32m[Nest] 9604  - [39m17/06/2026, 09:28:28 [32m    LOG[39m [38;5;3m[RouterExplorer] [39m[32mMapped {/api/v1/portal/admin/builder/pages/:id, DELETE} route[39m[38;5;3m +0ms[39m
[32m[Nest] 9604  - [39m17/06/2026, 09:28:28 [32m    LOG[39m [38;5;3m[RouterExplorer] [39m[32mMapped {/api/v1/portal/admin/builder/menu, GET} route[39m[38;5;3m +0ms[39m
[32m[Nest] 9604  - [39m17/06/2026, 09:28:28 [32m    LOG[39m [38;5;3m[RouterExplorer] [39m[32mMapped {/api/v1/portal/admin/builder/menu, POST} route[39m[38;5;3m +0ms[39m
[32m[Nest] 9604  - [39m17/06/2026, 09:28:28 [32m    LOG[39m [38;5;3m[RouterExplorer] [39m[32mMapped {/api/v1/portal/admin/builder/announcements, GET} route[39m[38;5;3m +0ms[39m
[32m[Nest] 9604  - [39m17/06/2026, 09:28:28 [32m    LOG[39m [38;5;3m[RouterExplorer] [39m[32mMapped {/api/v1/portal/admin/builder/announcements, POST} route[39m[38;5;3m +1ms[39m
[32m[Nest] 9604  - [39m17/06/2026, 09:28:28 [32m    LOG[39m [38;5;3m[RouterExplorer] [39m[32mMapped {/api/v1/portal/admin/builder/announcements/:id, PATCH} route[39m[38;5;3m +0ms[39m
[32m[Nest] 9604  - [39m17/06/2026, 09:28:28 [32m    LOG[39m [38;5;3m[RouterExplorer] [39m[32mMapped {/api/v1/portal/admin/builder/announcements/:id, DELETE} route[39m[38;5;3m +1ms[39m
[32m[Nest] 9604  - [39m17/06/2026, 09:28:28 [32m    LOG[39m [38;5;3m[RouterExplorer] [39m[32mMapped {/api/v1/portal/admin/builder/announcements/broadcast, POST} route[39m[38;5;3m +0ms[39m
[32m[Nest] 9604  - [39m17/06/2026, 09:28:28 [32m    LOG[39m [38;5;3m[RoutesResolver] [39m[32mPortalPadminController {/api/v1/portal/padmin}:[39m[38;5;3m +0ms[39m
[32m[Nest] 9604  - [39m17/06/2026, 09:28:28 [32m    LOG[39m [38;5;3m[RouterExplorer] [39m[32mMapped {/api/v1/portal/padmin/sections, GET} route[39m[38;5;3m +0ms[39m
[32m[Nest] 9604  - [39m17/06/2026, 09:28:28 [32m    LOG[39m [38;5;3m[RouterExplorer] [39m[32mMapped {/api/v1/portal/padmin/sections, POST} route[39m[38;5;3m +1ms[39m
[32m[Nest] 9604  - [39m17/06/2026, 09:28:28 [32m    LOG[39m [38;5;3m[RouterExplorer] [39m[32mMapped {/api/v1/portal/padmin/sections/:id, PATCH} route[39m[38;5;3m +0ms[39m
[32m[Nest] 9604  - [39m17/06/2026, 09:28:28 [32m    LOG[39m [38;5;3m[RouterExplorer] [39m[32mMapped {/api/v1/portal/padmin/sections/:id, DELETE} route[39m[38;5;3m +0ms[39m
[32m[Nest] 9604  - [39m17/06/2026, 09:28:28 [32m    LOG[39m [38;5;3m[RouterExplorer] [39m[32mMapped {/api/v1/portal/padmin/sections/reorder, POST} route[39m[38;5;3m +0ms[39m
[32m[Nest] 9604  - [39m17/06/2026, 09:28:28 [32m    LOG[39m [38;5;3m[RouterExplorer] [39m[32mMapped {/api/v1/portal/padmin/fields, GET} route[39m[38;5;3m +1ms[39m
[32m[Nest] 9604  - [39m17/06/2026, 09:28:28 [32m    LOG[39m [38;5;3m[RouterExplorer] [39m[32mMapped {/api/v1/portal/padmin/fields, POST} route[39m[38;5;3m +0ms[39m
[32m[Nest] 9604  - [39m17/06/2026, 09:28:28 [32m    LOG[39m [38;5;3m[RouterExplorer] [39m[32mMapped {/api/v1/portal/padmin/fields/:id, PATCH} route[39m[38;5;3m +0ms[39m
[32m[Nest] 9604  - [39m17/06/2026, 09:28:28 [32m    LOG[39m [38;5;3m[RouterExplorer] [39m[32mMapped {/api/v1/portal/padmin/fields/:id, DELETE} route[39m[38;5;3m +0ms[39m
[32m[Nest] 9604  - [39m17/06/2026, 09:28:28 [32m    LOG[39m [38;5;3m[RouterExplorer] [39m[32mMapped {/api/v1/portal/padmin/fields/reorder, POST} route[39m[38;5;3m +1ms[39m
[32m[Nest] 9604  - [39m17/06/2026, 09:28:28 [32m    LOG[39m [38;5;3m[RouterExplorer] [39m[32mMapped {/api/v1/portal/padmin/crm-fields/:moduleId, GET} route[39m[38;5;3m +0ms[39m
[32m[Nest] 9604  - [39m17/06/2026, 09:28:28 [32m    LOG[39m [38;5;3m[RouterExplorer] [39m[32mMapped {/api/v1/portal/padmin/crm-modules, GET} route[39m[38;5;3m +0ms[39m
[32m[Nest] 9604  - [39m17/06/2026, 09:28:28 [32m    LOG[39m [38;5;3m[RouterExplorer] [39m[32mMapped {/api/v1/portal/padmin/crm-modules/:moduleId/fields, GET} route[39m[38;5;3m +0ms[39m
[32m[Nest] 9604  - [39m17/06/2026, 09:28:28 [32m    LOG[39m [38;5;3m[RouterExplorer] [39m[32mMapped {/api/v1/portal/padmin/crm-modules/:moduleId/related, GET} route[39m[38;5;3m +0ms[39m
[32m[Nest] 9604  - [39m17/06/2026, 09:28:28 [32m    LOG[39m [38;5;3m[RouterExplorer] [39m[32mMapped {/api/v1/portal/padmin/crm-modules/:moduleId/suggest-sections, GET} route[39m[38;5;3m +1ms[39m
[32m[Nest] 9604  - [39m17/06/2026, 09:28:28 [32m    LOG[39m [38;5;3m[RouterExplorer] [39m[32mMapped {/api/v1/portal/padmin/pages/:pageId/sections/from-module, POST} route[39m[38;5;3m +0ms[39m
[32m[Nest] 9604  - [39m17/06/2026, 09:28:28 [32m    LOG[39m [38;5;3m[RouterExplorer] [39m[32mMapped {/api/v1/portal/padmin/pages/:pageId/primary-module, PATCH} route[39m[38;5;3m +0ms[39m
[32m[Nest] 9604  - [39m17/06/2026, 09:28:28 [32m    LOG[39m [38;5;3m[RouterExplorer] [39m[32mMapped {/api/v1/portal/padmin/fields/:id/map-crm, PATCH} route[39m[38;5;3m +0ms[39m
[32m[Nest] 9604  - [39m17/06/2026, 09:28:28 [32m    LOG[39m [38;5;3m[RouterExplorer] [39m[32mMapped {/api/v1/portal/padmin/fields/:id/unmap-crm, PATCH} route[39m[38;5;3m +1ms[39m
[32m[Nest] 9604  - [39m17/06/2026, 09:28:28 [32m    LOG[39m [38;5;3m[RouterExplorer] [39m[32mMapped {/api/v1/portal/padmin/fields/:id/create-crm-field, POST} route[39m[38;5;3m +0ms[39m
[32m[Nest] 9604  - [39m17/06/2026, 09:28:28 [32m    LOG[39m [38;5;3m[RouterExplorer] [39m[32mMapped {/api/v1/portal/padmin/menu, GET} route[39m[38;5;3m +0ms[39m
[32m[Nest] 9604  - [39m17/06/2026, 09:28:28 [32m    LOG[39m [38;5;3m[RouterExplorer] [39m[32mMapped {/api/v1/portal/padmin/menu, POST} route[39m[38;5;3m +1ms[39m
[32m[Nest] 9604  - [39m17/06/2026, 09:28:28 [32m    LOG[39m [38;5;3m[RouterExplorer] [39m[32mMapped {/api/v1/portal/padmin/menu/reorder, PATCH} route[39m[38;5;3m +0ms[39m
[32m[Nest] 9604  - [39m17/06/2026, 09:28:28 [32m    LOG[39m [38;5;3m[RouterExplorer] [39m[32mMapped {/api/v1/portal/padmin/menu/:id, PATCH} route[39m[38;5;3m +0ms[39m
[32m[Nest] 9604  - [39m17/06/2026, 09:28:28 [32m    LOG[39m [38;5;3m[RouterExplorer] [39m[32mMapped {/api/v1/portal/padmin/menu/:id, DELETE} route[39m[38;5;3m +0ms[39m
[32m[Nest] 9604  - [39m17/06/2026, 09:28:28 [32m    LOG[39m [38;5;3m[RouterExplorer] [39m[32mMapped {/api/v1/portal/padmin/pages, GET} route[39m[38;5;3m +1ms[39m
[32m[Nest] 9604  - [39m17/06/2026, 09:28:28 [32m    LOG[39m [38;5;3m[RouterExplorer] [39m[32mMapped {/api/v1/portal/padmin/pages, POST} route[39m[38;5;3m +0ms[39m
[32m[Nest] 9604  - [39m17/06/2026, 09:28:28 [32m    LOG[39m [38;5;3m[RouterExplorer] [39m[32mMapped {/api/v1/portal/padmin/pages/:id, GET} route[39m[38;5;3m +0ms[39m
[32m[Nest] 9604  - [39m17/06/2026, 09:28:28 [32m    LOG[39m [38;5;3m[RouterExplorer] [39m[32mMapped {/api/v1/portal/padmin/pages/:id, PATCH} route[39m[38;5;3m +0ms[39m
[32m[Nest] 9604  - [39m17/06/2026, 09:28:28 [32m    LOG[39m [38;5;3m[RouterExplorer] [39m[32mMapped {/api/v1/portal/padmin/pages/:id, DELETE} route[39m[38;5;3m +0ms[39m
[32m[Nest] 9604  - [39m17/06/2026, 09:28:28 [32m    LOG[39m [38;5;3m[RouterExplorer] [39m[32mMapped {/api/v1/portal/padmin/pages/:id/duplicate, POST} route[39m[38;5;3m +1ms[39m
[32m[Nest] 9604  - [39m17/06/2026, 09:28:28 [32m    LOG[39m [38;5;3m[RouterExplorer] [39m[32mMapped {/api/v1/portal/padmin/pages/:id/publish, PATCH} route[39m[38;5;3m +0ms[39m
[32m[Nest] 9604  - [39m17/06/2026, 09:28:28 [32m    LOG[39m [38;5;3m[RouterExplorer] [39m[32mMapped {/api/v1/portal/padmin/pages/:id/republish, POST} route[39m[38;5;3m +0ms[39m
[32m[Nest] 9604  - [39m17/06/2026, 09:28:28 [32m    LOG[39m [38;5;3m[RouterExplorer] [39m[32mMapped {/api/v1/portal/padmin/templates, GET} route[39m[38;5;3m +0ms[39m
[32m[Nest] 9604  - [39m17/06/2026, 09:28:28 [32m    LOG[39m [38;5;3m[RouterExplorer] [39m[32mMapped {/api/v1/portal/padmin/templates, POST} route[39m[38;5;3m +1ms[39m
[32m[Nest] 9604  - [39m17/06/2026, 09:28:28 [32m    LOG[39m [38;5;3m[RouterExplorer] [39m[32mMapped {/api/v1/portal/padmin/templates/:id/apply, POST} route[39m[38;5;3m +0ms[39m
[32m[Nest] 9604  - [39m17/06/2026, 09:28:28 [32m    LOG[39m [38;5;3m[RouterExplorer] [39m[32mMapped {/api/v1/portal/padmin/templates/:id, DELETE} route[39m[38;5;3m +0ms[39m
[32m[Nest] 9604  - [39m17/06/2026, 09:28:28 [32m    LOG[39m [38;5;3m[RouterExplorer] [39m[32mMapped {/api/v1/portal/padmin/documents, GET} route[39m[38;5;3m +0ms[39m
[32m[Nest] 9604  - [39m17/06/2026, 09:28:28 [32m    LOG[39m [38;5;3m[RouterExplorer] [39m[32mMapped {/api/v1/portal/padmin/users, GET} route[39m[38;5;3m +0ms[39m
[32m[Nest] 9604  - [39m17/06/2026, 09:28:28 [32m    LOG[39m [38;5;3m[RouterExplorer] [39m[32mMapped {/api/v1/portal/padmin/users/counts, GET} route[39m[38;5;3m +1ms[39m
[32m[Nest] 9604  - [39m17/06/2026, 09:28:28 [32m    LOG[39m [38;5;3m[RouterExplorer] [39m[32mMapped {/api/v1/portal/padmin/users/:id, DELETE} route[39m[38;5;3m +0ms[39m
[32m[Nest] 9604  - [39m17/06/2026, 09:28:28 [32m    LOG[39m [38;5;3m[RouterExplorer] [39m[32mMapped {/api/v1/portal/padmin/users/:id/restore, POST} route[39m[38;5;3m +0ms[39m
[32m[Nest] 9604  - [39m17/06/2026, 09:28:28 [32m    LOG[39m [38;5;3m[RouterExplorer] [39m[32mMapped {/api/v1/portal/padmin/users/:id/permanent, DELETE} route[39m[38;5;3m +0ms[39m
[32m[Nest] 9604  - [39m17/06/2026, 09:28:28 [32m    LOG[39m [38;5;3m[RouterExplorer] [39m[32mMapped {/api/v1/portal/padmin/users/:id/admin, PATCH} route[39m[38;5;3m +1ms[39m
[32m[Nest] 9604  - [39m17/06/2026, 09:28:28 [32m    LOG[39m [38;5;3m[RouterExplorer] [39m[32mMapped {/api/v1/portal/padmin/users/:id/role, PATCH} route[39m[38;5;3m +0ms[39m
[32m[Nest] 9604  - [39m17/06/2026, 09:28:28 [32m    LOG[39m [38;5;3m[RouterExplorer] [39m[32mMapped {/api/v1/portal/padmin/users/:id/status, PATCH} route[39m[38;5;3m +0ms[39m
[32m[Nest] 9604  - [39m17/06/2026, 09:28:28 [32m    LOG[39m [38;5;3m[RouterExplorer] [39m[32mMapped {/api/v1/portal/padmin/stats, GET} route[39m[38;5;3m +3ms[39m
[32m[Nest] 9604  - [39m17/06/2026, 09:28:28 [32m    LOG[39m [38;5;3m[RoutesResolver] [39m[32mDepartmentsController {/api/v1/departments}:[39m[38;5;3m +0ms[39m
[32m[Nest] 9604  - [39m17/06/2026, 09:28:28 [32m    LOG[39m [38;5;3m[RouterExplorer] [39m[32mMapped {/api/v1/departments, GET} route[39m[38;5;3m +0ms[39m
[32m[Nest] 9604  - [39m17/06/2026, 09:28:28 [32m    LOG[39m [38;5;3m[RouterExplorer] [39m[32mMapped {/api/v1/departments/:id, GET} route[39m[38;5;3m +0ms[39m
[32m[Nest] 9604  - [39m17/06/2026, 09:28:28 [32m    LOG[39m [38;5;3m[RouterExplorer] [39m[32mMapped {/api/v1/departments, POST} route[39m[38;5;3m +1ms[39m
[32m[Nest] 9604  - [39m17/06/2026, 09:28:28 [32m    LOG[39m [38;5;3m[RouterExplorer] [39m[32mMapped {/api/v1/departments/:id, PATCH} route[39m[38;5;3m +0ms[39m
[32m[Nest] 9604  - [39m17/06/2026, 09:28:28 [32m    LOG[39m [38;5;3m[RouterExplorer] [39m[32mMapped {/api/v1/departments/:id, DELETE} route[39m[38;5;3m +0ms[39m
[32m[Nest] 9604  - [39m17/06/2026, 09:28:28 [32m    LOG[39m [38;5;3m[RouterExplorer] [39m[32mMapped {/api/v1/departments/:id/members, GET} route[39m[38;5;3m +0ms[39m
[32m[Nest] 9604  - [39m17/06/2026, 09:28:28 [32m    LOG[39m [38;5;3m[RouterExplorer] [39m[32mMapped {/api/v1/departments/:id/members/:userId, POST} route[39m[38;5;3m +1ms[39m
[32m[Nest] 9604  - [39m17/06/2026, 09:28:28 [32m    LOG[39m [38;5;3m[RouterExplorer] [39m[32mMapped {/api/v1/departments/:id/members/:userId, DELETE} route[39m[38;5;3m +0ms[39m
[32m[Nest] 9604  - [39m17/06/2026, 09:28:28 [32m    LOG[39m [38;5;3m[RouterExplorer] [39m[32mMapped {/api/v1/departments/:id/permissions, GET} route[39m[38;5;3m +0ms[39m
[32m[Nest] 9604  - [39m17/06/2026, 09:28:28 [32m    LOG[39m [38;5;3m[RouterExplorer] [39m[32mMapped {/api/v1/departments/:id/permissions, PATCH} route[39m[38;5;3m +0ms[39m
[32m[Nest] 9604  - [39m17/06/2026, 09:28:28 [32m    LOG[39m [38;5;3m[RouterExplorer] [39m[32mMapped {/api/v1/departments/:id/head, PATCH} route[39m[38;5;3m +0ms[39m
[32m[Nest] 9604  - [39m17/06/2026, 09:28:28 [32m    LOG[39m [38;5;3m[RoutesResolver] [39m[32mTaskPanelsController {/api/v1/task-panels}:[39m[38;5;3m +1ms[39m
[32m[Nest] 9604  - [39m17/06/2026, 09:28:28 [32m    LOG[39m [38;5;3m[RouterExplorer] [39m[32mMapped {/api/v1/task-panels, GET} route[39m[38;5;3m +0ms[39m
[32m[Nest] 9604  - [39m17/06/2026, 09:28:28 [32m    LOG[39m [38;5;3m[RouterExplorer] [39m[32mMapped {/api/v1/task-panels/admin, GET} route[39m[38;5;3m +0ms[39m
[32m[Nest] 9604  - [39m17/06/2026, 09:28:28 [32m    LOG[39m [38;5;3m[RouterExplorer] [39m[32mMapped {/api/v1/task-panels/:id/records, GET} route[39m[38;5;3m +0ms[39m
[32m[Nest] 9604  - [39m17/06/2026, 09:28:28 [32m    LOG[39m [38;5;3m[RouterExplorer] [39m[32mMapped {/api/v1/task-panels, POST} route[39m[38;5;3m +0ms[39m
[32m[Nest] 9604  - [39m17/06/2026, 09:28:28 [32m    LOG[39m [38;5;3m[RouterExplorer] [39m[32mMapped {/api/v1/task-panels/:id, PATCH} route[39m[38;5;3m +1ms[39m
[32m[Nest] 9604  - [39m17/06/2026, 09:28:28 [32m    LOG[39m [38;5;3m[RouterExplorer] [39m[32mMapped {/api/v1/task-panels/:id, DELETE} route[39m[38;5;3m +0ms[39m
[32m[Nest] 9604  - [39m17/06/2026, 09:28:28 [32m    LOG[39m [38;5;3m[RoutesResolver] [39m[32mReportsController {/api/v1/reports}:[39m[38;5;3m +0ms[39m
[32m[Nest] 9604  - [39m17/06/2026, 09:28:28 [32m    LOG[39m [38;5;3m[RouterExplorer] [39m[32mMapped {/api/v1/reports, GET} route[39m[38;5;3m +0ms[39m
[32m[Nest] 9604  - [39m17/06/2026, 09:28:28 [32m    LOG[39m [38;5;3m[RouterExplorer] [39m[32mMapped {/api/v1/reports, POST} route[39m[38;5;3m +0ms[39m
[32m[Nest] 9604  - [39m17/06/2026, 09:28:28 [32m    LOG[39m [38;5;3m[RouterExplorer] [39m[32mMapped {/api/v1/reports/:id, GET} route[39m[38;5;3m +1ms[39m
[32m[Nest] 9604  - [39m17/06/2026, 09:28:28 [32m    LOG[39m [38;5;3m[RouterExplorer] [39m[32mMapped {/api/v1/reports/:id, PATCH} route[39m[38;5;3m +0ms[39m
[32m[Nest] 9604  - [39m17/06/2026, 09:28:28 [32m    LOG[39m [38;5;3m[RouterExplorer] [39m[32mMapped {/api/v1/reports/:id, DELETE} route[39m[38;5;3m +0ms[39m
[32m[Nest] 9604  - [39m17/06/2026, 09:28:28 [32m    LOG[39m [38;5;3m[RoutesResolver] [39m[32mWorkspaceController {/api/v1/workspace}:[39m[38;5;3m +0ms[39m
[32m[Nest] 9604  - [39m17/06/2026, 09:28:28 [32m    LOG[39m [38;5;3m[RouterExplorer] [39m[32mMapped {/api/v1/workspace/summary, GET} route[39m[38;5;3m +0ms[39m
[32m[Nest] 9604  - [39m17/06/2026, 09:28:28 [32m    LOG[39m [38;5;3m[RouterExplorer] [39m[32mMapped {/api/v1/workspace/calendar, GET} route[39m[38;5;3m +1ms[39m
[32m[Nest] 9604  - [39m17/06/2026, 09:28:28 [32m    LOG[39m [38;5;3m[RouterExplorer] [39m[32mMapped {/api/v1/workspace/tasks, GET} route[39m[38;5;3m +0ms[39m
[32m[Nest] 9604  - [39m17/06/2026, 09:28:28 [32m    LOG[39m [38;5;3m[RouterExplorer] [39m[32mMapped {/api/v1/workspace/tasks, POST} route[39m[38;5;3m +0ms[39m
[32m[Nest] 9604  - [39m17/06/2026, 09:28:28 [32m    LOG[39m [38;5;3m[RouterExplorer] [39m[32mMapped {/api/v1/workspace/tasks/:id, PATCH} route[39m[38;5;3m +0ms[39m
[32m[Nest] 9604  - [39m17/06/2026, 09:28:28 [32m    LOG[39m [38;5;3m[RouterExplorer] [39m[32mMapped {/api/v1/workspace/tasks/:id, DELETE} route[39m[38;5;3m +0ms[39m
[32m[Nest] 9604  - [39m17/06/2026, 09:28:28 [32m    LOG[39m [38;5;3m[RouterExplorer] [39m[32mMapped {/api/v1/workspace/notes, GET} route[39m[38;5;3m +0ms[39m
[32m[Nest] 9604  - [39m17/06/2026, 09:28:28 [32m    LOG[39m [38;5;3m[RouterExplorer] [39m[32mMapped {/api/v1/workspace/notes, POST} route[39m[38;5;3m +1ms[39m
[32m[Nest] 9604  - [39m17/06/2026, 09:28:28 [32m    LOG[39m [38;5;3m[RouterExplorer] [39m[32mMapped {/api/v1/workspace/notes/:id, PATCH} route[39m[38;5;3m +0ms[39m
[32m[Nest] 9604  - [39m17/06/2026, 09:28:28 [32m    LOG[39m [38;5;3m[RouterExplorer] [39m[32mMapped {/api/v1/workspace/notes/:id, DELETE} route[39m[38;5;3m +0ms[39m
[32m[Nest] 9604  - [39m17/06/2026, 09:28:28 [32m    LOG[39m [38;5;3m[RoutesResolver] [39m[32mMessagesController {/api/v1/messages}:[39m[38;5;3m +0ms[39m
[32m[Nest] 9604  - [39m17/06/2026, 09:28:28 [32m    LOG[39m [38;5;3m[RouterExplorer] [39m[32mMapped {/api/v1/messages/contacts, GET} route[39m[38;5;3m +1ms[39m
[32m[Nest] 9604  - [39m17/06/2026, 09:28:28 [32m    LOG[39m [38;5;3m[RouterExplorer] [39m[32mMapped {/api/v1/messages/conversations, GET} route[39m[38;5;3m +0ms[39m
[32m[Nest] 9604  - [39m17/06/2026, 09:28:28 [32m    LOG[39m [38;5;3m[RouterExplorer] [39m[32mMapped {/api/v1/messages/conversations/direct, POST} route[39m[38;5;3m +0ms[39m
[32m[Nest] 9604  - [39m17/06/2026, 09:28:28 [32m    LOG[39m [38;5;3m[RouterExplorer] [39m[32mMapped {/api/v1/messages/conversations/group, POST} route[39m[38;5;3m +1ms[39m
[32m[Nest] 9604  - [39m17/06/2026, 09:28:28 [32m    LOG[39m [38;5;3m[RouterExplorer] [39m[32mMapped {/api/v1/messages/conversations/:id/messages, GET} route[39m[38;5;3m +0ms[39m
[32m[Nest] 9604  - [39m17/06/2026, 09:28:28 [32m    LOG[39m [38;5;3m[RouterExplorer] [39m[32mMapped {/api/v1/messages/conversations/:id/messages, POST} route[39m[38;5;3m +1ms[39m
[32m[Nest] 9604  - [39m17/06/2026, 09:28:28 [32m    LOG[39m [38;5;3m[RouterExplorer] [39m[32mMapped {/api/v1/messages/conversations/:id/read, PATCH} route[39m[38;5;3m +0ms[39m
[32m[Nest] 9604  - [39m17/06/2026, 09:28:28 [32m    LOG[39m [38;5;3m[RouterExplorer] [39m[32mMapped {/api/v1/messages/messages/:id, DELETE} route[39m[38;5;3m +0ms[39m
[32m[Nest] 9604  - [39m17/06/2026, 09:28:28 [32m    LOG[39m [38;5;3m[RoutesResolver] [39m[32mTrackerController {/api/v1/tracker}:[39m[38;5;3m +0ms[39m
[32m[Nest] 9604  - [39m17/06/2026, 09:28:28 [32m    LOG[39m [38;5;3m[RouterExplorer] [39m[32mMapped {/api/v1/tracker, GET} route[39m[38;5;3m +1ms[39m
[32m[Nest] 9604  - [39m17/06/2026, 09:28:28 [32m    LOG[39m [38;5;3m[RouterExplorer] [39m[32mMapped {/api/v1/tracker, POST} route[39m[38;5;3m +0ms[39m
[32m[Nest] 9604  - [39m17/06/2026, 09:28:28 [32m    LOG[39m [38;5;3m[RouterExplorer] [39m[32mMapped {/api/v1/tracker/:id, GET} route[39m[38;5;3m +1ms[39m
[32m[Nest] 9604  - [39m17/06/2026, 09:28:28 [32m    LOG[39m [38;5;3m[RouterExplorer] [39m[32mMapped {/api/v1/tracker/:id, PATCH} route[39m[38;5;3m +0ms[39m
[32m[Nest] 9604  - [39m17/06/2026, 09:28:28 [32m    LOG[39m [38;5;3m[RouterExplorer] [39m[32mMapped {/api/v1/tracker/:id, DELETE} route[39m[38;5;3m +1ms[39m
[32m[Nest] 9604  - [39m17/06/2026, 09:28:28 [32m    LOG[39m [38;5;3m[RouterExplorer] [39m[32mMapped {/api/v1/tracker/:id/criteria, POST} route[39m[38;5;3m +0ms[39m
[32m[Nest] 9604  - [39m17/06/2026, 09:28:28 [32m    LOG[39m [38;5;3m[RouterExplorer] [39m[32mMapped {/api/v1/tracker/:id/criteria/:cid, PATCH} route[39m[38;5;3m +0ms[39m
[32m[Nest] 9604  - [39m17/06/2026, 09:28:28 [32m    LOG[39m [38;5;3m[RouterExplorer] [39m[32mMapped {/api/v1/tracker/:id/criteria/:cid, DELETE} route[39m[38;5;3m +1ms[39m
[32m[Nest] 9604  - [39m17/06/2026, 09:28:28 [32m    LOG[39m [38;5;3m[RouterExplorer] [39m[32mMapped {/api/v1/tracker/:id/sessions, GET} route[39m[38;5;3m +0ms[39m
[32m[Nest] 9604  - [39m17/06/2026, 09:28:28 [32m    LOG[39m [38;5;3m[RouterExplorer] [39m[32mMapped {/api/v1/tracker/:id/sessions, POST} route[39m[38;5;3m +0ms[39m
[32m[Nest] 9604  - [39m17/06/2026, 09:28:28 [32m    LOG[39m [38;5;3m[RouterExplorer] [39m[32mMapped {/api/v1/tracker/:id/sessions/:sid, PATCH} route[39m[38;5;3m +0ms[39m
[32m[Nest] 9604  - [39m17/06/2026, 09:28:28 [32m    LOG[39m [38;5;3m[RouterExplorer] [39m[32mMapped {/api/v1/tracker/:id/sessions/:sid, DELETE} route[39m[38;5;3m +0ms[39m
[32m[Nest] 9604  - [39m17/06/2026, 09:28:28 [32m    LOG[39m [38;5;3m[RouterExplorer] [39m[32mMapped {/api/v1/tracker/:id/bands, GET} route[39m[38;5;3m +1ms[39m
[32m[Nest] 9604  - [39m17/06/2026, 09:28:28 [32m    LOG[39m [38;5;3m[RouterExplorer] [39m[32mMapped {/api/v1/tracker/:id/bands, POST} route[39m[38;5;3m +0ms[39m
[32m[Nest] 9604  - [39m17/06/2026, 09:28:28 [32m    LOG[39m [38;5;3m[RouterExplorer] [39m[32mMapped {/api/v1/tracker/:id/bands/:bid, PATCH} route[39m[38;5;3m +0ms[39m
[32m[Nest] 9604  - [39m17/06/2026, 09:28:28 [32m    LOG[39m [38;5;3m[RouterExplorer] [39m[32mMapped {/api/v1/tracker/:id/bands/:bid, DELETE} route[39m[38;5;3m +0ms[39m
[32m[Nest] 9604  - [39m17/06/2026, 09:28:28 [32m    LOG[39m [38;5;3m[RouterExplorer] [39m[32mMapped {/api/v1/tracker/:id/grid, GET} route[39m[38;5;3m +0ms[39m
[32m[Nest] 9604  - [39m17/06/2026, 09:28:28 [32m    LOG[39m [38;5;3m[RouterExplorer] [39m[32mMapped {/api/v1/tracker/:id/scores, POST} route[39m[38;5;3m +1ms[39m
[32m[Nest] 9604  - [39m17/06/2026, 09:28:28 [32m    LOG[39m [38;5;3m[RouterExplorer] [39m[32mMapped {/api/v1/tracker/:id/records/:recordId/history, GET} route[39m[38;5;3m +0ms[39m
[32m[Nest] 9604  - [39m17/06/2026, 09:28:28 [32m    LOG[39m [38;5;3m[NestApplication] [39m[32mNest application successfully started[39m[38;5;3m +8ms[39m
Application running on http://0.0.0.0:4000
